{
  "PRIMARY": "PARETO_SUPPORTED_AT_Z075",
  "SECONDARY": "REFINED_PARETO_SUPPORTED_AT_Z075",
  "action": "FREEZE_R31AK_LOCALLY_SUPPORTED__PIVOT_TO_REFERENCE_CERTIFICATION",
  "R31AK_errors": {
    "E_O": 0.009579906030744682,
    "E_dotO_per_ta": 0.0059819468673832496,
    "E_Dcol_per_ta": 0.050529592974761145,
    "E_Drow_per_ta": 0.05457284174805037,
    "E_K_per_ta": 0.05250496632934204,
    "candidate_metric_identity_residual_2norm": 4.105534495828866e-17,
    "E_Dmax_per_ta": 0.05457284174805037
  },
  "R31Z_errors": {
    "E_O": 0.15493322404212043,
    "E_dotO_per_ta": 0.15682055961392274,
    "E_Dcol_per_ta": 0.37280840902277684,
    "E_Drow_per_ta": 0.3880297823244174,
    "E_K_per_ta": 0.3723284019854093,
    "candidate_metric_identity_residual_2norm": 6.859479045513906e-17,
    "E_Dmax_per_ta": 0.3880297823244174
  },
  "R31AD_coarse_errors": {
    "E_O": 0.04726608197403247,
    "E_dotO_per_ta": 0.1241862455278787,
    "E_Dcol_per_ta": 0.10712579723335088,
    "E_Drow_per_ta": 0.1423934281278521,
    "E_K_per_ta": 0.10963738645582422,
    "candidate_metric_identity_residual_2norm": 4.8087422064849303e-17,
    "E_Dmax_per_ta": 0.1423934281278521
  },
  "improvement_fractions": {
    "E_O": 0.7973196501455782,
    "E_dotO_per_ta": 0.9518308421197873,
    "E_K_per_ta": 0.5211034481335647,
    "E_Dcol_per_ta": 0.5283153611945298,
    "E_Drow_per_ta": 0.6167460642983429,
    "E_Dmax_per_ta": 0.6167460642983429
  }
}
