{
  "schema": "WU088_R31AK_FUTURE_HOLDOUT_COMPARISON_V1",
  "selected_z_a0": 0.75,
  "OD_sha256": "7e7b5782cc698a364aeac608620e56c7bfdc64035ffe5dfee501608dae7970df",
  "JVP_sha256": "53569e92875254e897a7e23b55620cca9c5acf9f86124dc0a73198ad41d1df87",
  "R31AK_errors": {
    "E_O": 0.009579906030744682,
    "E_dotO_per_ta": 0.0059819468673832496,
    "E_Dcol_per_ta": 0.050529592974761145,
    "E_Drow_per_ta": 0.05457284174805037,
    "E_K_per_ta": 0.05250496632934204,
    "candidate_metric_identity_residual_2norm": 4.105534495828866e-17,
    "E_Dmax_per_ta": 0.05457284174805037
  },
  "R31Z_errors": {
    "E_O": 0.15493322404212043,
    "E_dotO_per_ta": 0.15682055961392274,
    "E_Dcol_per_ta": 0.37280840902277684,
    "E_Drow_per_ta": 0.3880297823244174,
    "E_K_per_ta": 0.3723284019854093,
    "candidate_metric_identity_residual_2norm": 6.859479045513906e-17,
    "E_Dmax_per_ta": 0.3880297823244174
  },
  "direct_source_O_gap_2norm": 3.20417297531231e-19,
  "direct_metric_identity_residual_2norm": 4.700260169972803e-19,
  "source_bridge_pass_existing_2e_minus_12_tolerance": true,
  "comparison_tolerance_per_ta": 1e-10,
  "verdict": "PARETO_SUPPORTED_AT_SELECTED_HOLDOUT",
  "reference_error_upper_bound_status": "SOURCE_ACCURACY_BOUND_UNAVAILABLE",
  "design_score_used_for_verdict": false
}
