{
  "schema": "WU088_R31AL_Z075_SECONDARY_REFINEMENT_COMPARISON_V1",
  "z_a0": "0.75",
  "parent_primary_verdict_unchanged": "PARETO_SUPPORTED_AT_SELECTED_HOLDOUT",
  "secondary_verdict": "REFINED_PARETO_SUPPORTED_AT_Z075",
  "OD_sha256": "7e7b5782cc698a364aeac608620e56c7bfdc64035ffe5dfee501608dae7970df",
  "JVP_sha256": "53569e92875254e897a7e23b55620cca9c5acf9f86124dc0a73198ad41d1df87",
  "refined_R31AK_errors": {
    "E_O": 0.009579906030744682,
    "E_dotO_per_ta": 0.0059819468673832496,
    "E_Dcol_per_ta": 0.050529592974761145,
    "E_Drow_per_ta": 0.05457284174805037,
    "E_K_per_ta": 0.05250496632934204,
    "candidate_metric_identity_residual_2norm": 4.105534495828866e-17,
    "E_Dmax_per_ta": 0.05457284174805037
  },
  "coarse_R31AD_errors": {
    "E_O": 0.04726608197403247,
    "E_dotO_per_ta": 0.1241862455278787,
    "E_Dcol_per_ta": 0.10712579723335088,
    "E_Drow_per_ta": 0.1423934281278521,
    "E_K_per_ta": 0.10963738645582422,
    "candidate_metric_identity_residual_2norm": 4.8087422064849303e-17,
    "E_Dmax_per_ta": 0.1423934281278521
  },
  "improvement_fractions_refined_vs_coarse": {
    "E_O": 0.7973196501455782,
    "E_dotO_per_ta": 0.9518308421197873,
    "E_K_per_ta": 0.5211034481335647,
    "E_Dcol_per_ta": 0.5283153611945298,
    "E_Drow_per_ta": 0.6167460642983429,
    "E_Dmax_per_ta": 0.6167460642983429
  },
  "direct_metric_identity_residual_2norm": 1.15333442561526e-16,
  "direct_OD_JVP_O_gap_2norm": 3.20417297531231e-19,
  "comparison_tolerance_per_ta": 1e-10,
  "weighted_score_used": false,
  "source_accuracy_bound_status": "SOURCE_ACCURACY_BOUND_UNAVAILABLE"
}
