   Compiling hh_phys04_candidate v0.1.0 (/root/WU088_HH_PHYS04_NCP_20261011/repo/research/r31ao_unequal_ladder/ncp_phys04_local_20261011_v1/candidate)
warning: multiple fields are never read
  --> candidate/src/phys04_receipt.rs:28:2
   |
26 | struct SameEndpointReturn {
   |        ------------------ fields in this struct
27 |  next:PairedState,audit:String,ledger:f64,events:[f64;2],
28 |  point:crate::coupled_primary::HhStep,root:crate::coupled_primary::HhRoot,
   |  ^^^^^                                ^^^^
29 |  carry:PrimaryBox,stage:PrimaryStage,prebe:PrimaryState,parent:PrimaryBox,control:StepControl,
   |  ^^^^^            ^^^^^              ^^^^^              ^^^^^^            ^^^^^^^
30 |  identity:EndpointIdentity,
   |  ^^^^^^^^
   |
   = note: `#[warn(dead_code)]` (part of `#[warn(unused)]`) on by default

warning: struct `AcceptedHalf1` is never constructed
  --> candidate/src/phys04_receipt.rs:33:8
   |
33 | struct AcceptedHalf1 {returned:SameEndpointReturn,history:[f64;4]}
   |        ^^^^^^^^^^^^^

warning: function `accepted_half1_receipt` is never used
  --> candidate/src/phys04_receipt.rs:34:4
   |
34 | fn accepted_half1_receipt(returned:SameEndpointReturn,c:&PairedConfig,h:[f64;3],old:&PairedState,history:[f64;4])->Result<AcceptedHa...
   |    ^^^^^^^^^^^^^^^^^^^^^^

warning: function `resolve_half2_predecessor` is never used
  --> candidate/src/phys04_receipt.rs:48:4
   |
48 | fn resolve_half2_predecessor(receipt:&AcceptedHalf1,c:&PairedConfig,h:[f64;3],old:&PairedState,history:[f64;4])->Result<PairedState,...
   |    ^^^^^^^^^^^^^^^^^^^^^^^^^

warning: `hh_phys04_candidate` (lib) generated 4 warnings
   Compiling hh_phys04_local v0.1.0 (/root/WU088_HH_PHYS04_NCP_20261011/repo/research/r31ao_unequal_ladder/ncp_phys04_local_20261011_v1)
warning: function `error` is never used
 --> src/family.rs:4:4
  |
4 | fn error()->ForwardError{ForwardError::InvalidInput("PHYS04_COMMON_FAMILY_IDENTITY")}
  |    ^^^^^
  |
  = note: `#[warn(dead_code)]` (part of `#[warn(unused)]`) on by default

warning: struct `FamilyIdentity` is never constructed
 --> src/family.rs:6:12
  |
6 | pub struct FamilyIdentity {pub archive_sha256:String,pub candidate_source_sha256:String,pub abi_sha256:String,pub theta_bits:[u64;3],...
  |            ^^^^^^^^^^^^^^

warning: struct `CommonFamily` is never constructed
 --> src/family.rs:8:12
  |
8 | pub struct CommonFamily {
  |            ^^^^^^^^^^^^

warning: function `jet` is never used
  --> src/family.rs:16:4
   |
16 | fn jet(x:rei_reference::Interval)->Jet{Jet::constant(Interval{lo:x.lo,hi:x.hi}).expect("decoded valid interval")}
   |    ^^^

warning: function `sha_format` is never used
  --> src/family.rs:17:4
   |
17 | fn sha_format(s:&str)->bool{s.len()==64&&s.bytes().all(|b|b.is_ascii_hexdigit())}
   |    ^^^^^^^^^^

warning: associated items `initialize`, `original_bytes`, `archived_roundtrip`, `total_hh`, `future_birth_rate`, and `add_future_hh` are never used
  --> src/family.rs:19:9
   |
18 | impl CommonFamily {
   | ----------------- associated items in this implementation
19 |  pub fn initialize(bytes:&[u8],config:&HhRunConfig,id:FamilyIdentity)->Result<Self,ForwardError>{
   |         ^^^^^^^^^^
...
31 |  pub fn original_bytes(&self)->&[u8]{&self.archive_bytes}
   |         ^^^^^^^^^^^^^^
32 |  pub fn archived_roundtrip(&self)->Result<Vec<u8>,ForwardError>{hh_checkpoint_encode(&self.config,&self.archived).map_err(|_|error())}
   |         ^^^^^^^^^^^^^^^^^^
33 |  pub fn total_hh(&self)->[f64;2]{[self.historical_hh[0]+self.future_hh[0],self.historical_hh[1]+self.future_hh[1]]}
   |         ^^^^^^^^
34 |  pub fn future_birth_rate(&self)->f64{5e-15*f64::from_bits(self.identity.b_bits)}
   |         ^^^^^^^^^^^^^^^^^
35 |  // Candidate endpoint increments only: zero future lambda does not erase history.
36 |  pub fn add_future_hh(&mut self,events:f64)->Result<(),ForwardError>{
   |         ^^^^^^^^^^^^^

warning: `hh_phys04_local` (bin "phys04_contract") generated 6 warnings
warning: fields `gas`, `guard_u`, `ledger_derivatives`, `energy_comp_derivative`, and `hh_derivatives` are never read
  --> tests/../src/family.rs:12:6
   |
 8 | pub struct CommonFamily {
   |            ------------ fields in this struct
...
12 |  pub gas:[Jet;4],pub photons:Vec<Jet>,pub guard_n:Vec<Jet>,pub guard_u:Vec<Jet>,
   |      ^^^                                                       ^^^^^^^
13 |  // Primal compensation remains in physical; derivative ledgers are separate real-family jets.
14 |  pub ledger_derivatives:[Jet;5],pub energy_comp_derivative:Jet,pub hh_derivatives:[Jet;2],
   |      ^^^^^^^^^^^^^^^^^^             ^^^^^^^^^^^^^^^^^^^^^^         ^^^^^^^^^^^^^^
   |
   = note: `CommonFamily` has derived impls for the traits `Debug` and `Clone`, but these are intentionally ignored during dead code analysis
   = note: `#[warn(dead_code)]` (part of `#[warn(unused)]`) on by default

warning: function `CommonStateHistory` should have a snake case name
  --> tests/targeted.rs:10:12
   |
10 | #[test] fn CommonStateHistory(){
   |            ^^^^^^^^^^^^^^^^^^ help: convert the identifier to snake case: `common_state_history`
   |
   = note: `#[warn(non_snake_case)]` (part of `#[warn(nonstandard_style)]`) on by default

warning: function `PhotonZeroStockSignedMixed` should have a snake case name
  --> tests/targeted.rs:19:12
   |
19 | #[test] fn PhotonZeroStockSignedMixed(){
   |            ^^^^^^^^^^^^^^^^^^^^^^^^^^ help: convert the identifier to snake case: `photon_zero_stock_signed_mixed`

warning: function `LinkedHalfMixedCarry` should have a snake case name
  --> tests/targeted.rs:25:12
   |
25 | #[test] fn LinkedHalfMixedCarry(){
   |            ^^^^^^^^^^^^^^^^^^^^ help: convert the identifier to snake case: `linked_half_mixed_carry`

warning: function `OrderedRemapAndGuardChart` should have a snake case name
  --> tests/targeted.rs:33:12
   |
33 | #[test] fn OrderedRemapAndGuardChart(){
   |            ^^^^^^^^^^^^^^^^^^^^^^^^^ help: convert the identifier to snake case: `ordered_remap_and_guard_chart`

warning: `hh_phys04_local` (test "targeted") generated 5 warnings
    Finished `test` profile [unoptimized + debuginfo] target(s) in 1.66s
     Running tests/targeted.rs (target/debug/deps/targeted-ad078d9347a6176f)
