test_bounded_python_stage_and_timeout (test_backend_runner.RunnerTests.test_bounded_python_stage_and_timeout) ... ok
test_callback_marker_refuses_false_extra_and_nonzero_hh (test_backend_runner.RunnerTests.test_callback_marker_refuses_false_extra_and_nonzero_hh) ... ERROR
test_clean_environment (test_backend_runner.RunnerTests.test_clean_environment) ... FAIL
test_config_refuses_unbounded_jobs_and_caps (test_backend_runner.RunnerTests.test_config_refuses_unbounded_jobs_and_caps) ... ok
test_extraction_create_only_and_caps (test_backend_runner.RunnerTests.test_extraction_create_only_and_caps) ... ok
test_extraction_expansion_count_and_ancestor_caps (test_backend_runner.RunnerTests.test_extraction_expansion_count_and_ancestor_caps) ... ok
test_hash_before_extraction (test_backend_runner.RunnerTests.test_hash_before_extraction) ... ok
test_member_budget_refusal (test_backend_runner.RunnerTests.test_member_budget_refusal) ... ok
test_path_symlink_duplicate_refusal (test_backend_runner.RunnerTests.test_path_symlink_duplicate_refusal) ... ok
test_petras_final_line_marker_with_locked_diagnostics (test_backend_runner.RunnerTests.test_petras_final_line_marker_with_locked_diagnostics) ... ERROR
test_plan_order_flags_and_no_network_commands (test_backend_runner.RunnerTests.test_plan_order_flags_and_no_network_commands) ... ok
test_safe_regular_archive (test_backend_runner.RunnerTests.test_safe_regular_archive) ... ok

======================================================================
ERROR: test_callback_marker_refuses_false_extra_and_nonzero_hh (test_backend_runner.RunnerTests.test_callback_marker_refuses_false_extra_and_nonzero_hh)
----------------------------------------------------------------------
Traceback (most recent call last):
  File "/workspace/scratch/6cf5f59cd2d1/gap_work/repo/research/r31ao_unequal_ladder/host_synthetic_readiness_20261001_v1/test_backend_runner.py", line 75, in test_callback_marker_refuses_false_extra_and_nonzero_hh
    with self.assertRaises(runner.RunnerError):runner.parse_native_marker('callback',json.dumps(p))
                                               ^^^^^^^^^^^^^^^^^^^^^^^^^^
AttributeError: module 'backend_runner' has no attribute 'parse_native_marker'

======================================================================
ERROR: test_petras_final_line_marker_with_locked_diagnostics (test_backend_runner.RunnerTests.test_petras_final_line_marker_with_locked_diagnostics)
----------------------------------------------------------------------
Traceback (most recent call last):
  File "/workspace/scratch/6cf5f59cd2d1/gap_work/repo/research/r31ao_unequal_ladder/host_synthetic_readiness_20261001_v1/test_backend_runner.py", line 68, in test_petras_final_line_marker_with_locked_diagnostics
    p=runner.parse_native_marker('petras',text)
      ^^^^^^^^^^^^^^^^^^^^^^^^^^
AttributeError: module 'backend_runner' has no attribute 'parse_native_marker'

======================================================================
FAIL: test_clean_environment (test_backend_runner.RunnerTests.test_clean_environment)
----------------------------------------------------------------------
Traceback (most recent call last):
  File "/workspace/scratch/6cf5f59cd2d1/gap_work/repo/research/r31ao_unequal_ladder/host_synthetic_readiness_20261001_v1/test_backend_runner.py", line 64, in test_clean_environment
    self.assertNotIn('HOME',e)
AssertionError: 'HOME' unexpectedly found in {'PATH': '/usr/bin:/bin', 'HOME': '/tmp/tmpkqse4hnw/home', 'TMPDIR': '/tmp/tmpkqse4hnw/tmp', 'LC_ALL': 'C', 'LANG': 'C', 'TZ': 'UTC', 'CC': '/usr/bin/gcc', 'CXX': '/usr/bin/g++', 'CFLAGS': '-O2 -fno-fast-math -ffp-contract=off', 'CXXFLAGS': '-O2 -fno-fast-math -ffp-contract=off', 'LD_LIBRARY_PATH': '/tmp/tmpkqse4hnw/prefix/lib', 'PKG_CONFIG_PATH': '/tmp/tmpkqse4hnw/prefix/lib/pkgconfig', 'PKG_CONFIG_LIBDIR': '/tmp/tmpkqse4hnw/prefix/lib/pkgconfig', 'OMP_NUM_THREADS': '1', 'OPENBLAS_NUM_THREADS': '1', 'PYTHONNOUSERSITE': '1', 'PYTHONDONTWRITEBYTECODE': '1'}

----------------------------------------------------------------------
Ran 12 tests in 0.170s

FAILED (failures=1, errors=2)
