test_caps_and_domain_fail_closed (endpoint_bound.test_endpoint.EndpointTests.test_caps_and_domain_fail_closed) ... ok
test_disjoint_accounting (endpoint_bound.test_endpoint.EndpointTests.test_disjoint_accounting) ... ok
test_endpoint_monotonic_and_positive (endpoint_bound.test_endpoint.EndpointTests.test_endpoint_monotonic_and_positive) ... ok
test_exp_zero_and_range (endpoint_bound.test_endpoint.EndpointTests.test_exp_zero_and_range) ... ok
test_field_majorant_delta_pz (endpoint_bound.test_endpoint.EndpointTests.test_field_majorant_delta_pz) ... FAIL
test_gaussian_moments (endpoint_bound.test_endpoint.EndpointTests.test_gaussian_moments) ... ok
test_hermite_i0_identity (endpoint_bound.test_endpoint.EndpointTests.test_hermite_i0_identity) ... ok
test_independent_high_precision_oracle (endpoint_bound.test_endpoint.EndpointTests.test_independent_high_precision_oracle) ... ERROR
test_interval_outward_arithmetic (endpoint_bound.test_endpoint.EndpointTests.test_interval_outward_arithmetic) ... ok
test_pi_independent_rational_brackets (endpoint_bound.test_endpoint.EndpointTests.test_pi_independent_rational_brackets) ... ok
test_positive_half_gamma_recurrence (endpoint_bound.test_endpoint.EndpointTests.test_positive_half_gamma_recurrence) ... ok
test_sqrt_proof_inequalities (endpoint_bound.test_endpoint.EndpointTests.test_sqrt_proof_inequalities) ... ok

======================================================================
ERROR: test_independent_high_precision_oracle (endpoint_bound.test_endpoint.EndpointTests.test_independent_high_precision_oracle)
----------------------------------------------------------------------
Traceback (most recent call last):
  File "/workspace/scratch/6cf5f59cd2d1/gap_work/repo/research/r31ao_unequal_ladder/gap_closure_20261001_g0_g6_v1/endpoint_bound/test_endpoint.py", line 59, in test_independent_high_precision_oracle
    import mpmath as mp
ModuleNotFoundError: No module named 'mpmath'

======================================================================
FAIL: test_field_majorant_delta_pz (endpoint_bound.test_endpoint.EndpointTests.test_field_majorant_delta_pz)
----------------------------------------------------------------------
Traceback (most recent call last):
  File "/workspace/scratch/6cf5f59cd2d1/gap_work/repo/research/r31ao_unequal_ladder/gap_closure_20261001_g0_g6_v1/endpoint_bound/test_endpoint.py", line 49, in test_field_majorant_delta_pz
    p=pi_bounds();self.assertEqual(s,(p*p*p).hi)
                  ^^^^^^^^^^^^^^^^^^^^^^^^^^^^^^
AssertionError: Fraction(101495654871122596072623497893503167007586[260 chars]9376) != Fraction(122170950588429515729235421706169238723905[190 chars]6816)

----------------------------------------------------------------------
Ran 12 tests in 0.011s

FAILED (failures=1, errors=1)
