test_boolean_degrees_rejected (endpoint_bound.test_input_contract.ExactInputContract.test_boolean_degrees_rejected) ... 
  test_boolean_degrees_rejected (endpoint_bound.test_input_contract.ExactInputContract.test_boolean_degrees_rejected) (call=<function ExactInputContract.test_boolean_degrees_rejected.<locals>.<lambda> at 0x7f5c0dc33420>) ... FAIL
  test_boolean_degrees_rejected (endpoint_bound.test_input_contract.ExactInputContract.test_boolean_degrees_rejected) (call=<function ExactInputContract.test_boolean_degrees_rejected.<locals>.<lambda> at 0x7f5c0dc334c0>) ... FAIL
  test_boolean_degrees_rejected (endpoint_bound.test_input_contract.ExactInputContract.test_boolean_degrees_rejected) (call=<function ExactInputContract.test_boolean_degrees_rejected.<locals>.<lambda> at 0x7f5c0da3ea20>) ... FAIL
  test_boolean_degrees_rejected (endpoint_bound.test_input_contract.ExactInputContract.test_boolean_degrees_rejected) (call=<function ExactInputContract.test_boolean_degrees_rejected.<locals>.<lambda> at 0x7f5c0da3eac0>) ... FAIL
  test_boolean_degrees_rejected (endpoint_bound.test_input_contract.ExactInputContract.test_boolean_degrees_rejected) (call=<function ExactInputContract.test_boolean_degrees_rejected.<locals>.<lambda> at 0x7f5c0da3eb60>) ... FAIL
  test_boolean_degrees_rejected (endpoint_bound.test_input_contract.ExactInputContract.test_boolean_degrees_rejected) (call=<function ExactInputContract.test_boolean_degrees_rejected.<locals>.<lambda> at 0x7f5c0da3ec00>) ... FAIL
  test_boolean_degrees_rejected (endpoint_bound.test_input_contract.ExactInputContract.test_boolean_degrees_rejected) (call=<function ExactInputContract.test_boolean_degrees_rejected.<locals>.<lambda> at 0x7f5c0da3eca0>) ... FAIL
test_boolean_panel_count_rejected (endpoint_bound.test_input_contract.ExactInputContract.test_boolean_panel_count_rejected) ... FAIL
test_caps_checked_before_trivial_return (endpoint_bound.test_input_contract.ExactInputContract.test_caps_checked_before_trivial_return) ... 
  test_caps_checked_before_trivial_return (endpoint_bound.test_input_contract.ExactInputContract.test_caps_checked_before_trivial_return) (params={'max_terms': True}) ... FAIL
  test_caps_checked_before_trivial_return (endpoint_bound.test_input_contract.ExactInputContract.test_caps_checked_before_trivial_return) (params={'max_terms': 1}) ... FAIL
  test_caps_checked_before_trivial_return (endpoint_bound.test_input_contract.ExactInputContract.test_caps_checked_before_trivial_return) (params={'max_squarings': -1}) ... FAIL
  test_caps_checked_before_trivial_return (endpoint_bound.test_input_contract.ExactInputContract.test_caps_checked_before_trivial_return) (params={'max_squarings': True}) ... FAIL
  test_caps_checked_before_trivial_return (endpoint_bound.test_input_contract.ExactInputContract.test_caps_checked_before_trivial_return) (params={'max_squarings': 1000000}) ... FAIL
test_interval_integer_growth_cap (endpoint_bound.test_input_contract.ExactInputContract.test_interval_integer_growth_cap) ... FAIL
test_interval_rejects_host_float_bool_and_string (endpoint_bound.test_input_contract.ExactInputContract.test_interval_rejects_host_float_bool_and_string) ... 
  test_interval_rejects_host_float_bool_and_string (endpoint_bound.test_input_contract.ExactInputContract.test_interval_rejects_host_float_bool_and_string) (value=0.1) ... FAIL
  test_interval_rejects_host_float_bool_and_string (endpoint_bound.test_input_contract.ExactInputContract.test_interval_rejects_host_float_bool_and_string) (value=True) ... FAIL
  test_interval_rejects_host_float_bool_and_string (endpoint_bound.test_input_contract.ExactInputContract.test_interval_rejects_host_float_bool_and_string) (value=False) ... FAIL
  test_interval_rejects_host_float_bool_and_string (endpoint_bound.test_input_contract.ExactInputContract.test_interval_rejects_host_float_bool_and_string) (value='1/3') ... FAIL

======================================================================
FAIL: test_boolean_degrees_rejected (endpoint_bound.test_input_contract.ExactInputContract.test_boolean_degrees_rejected) (call=<function ExactInputContract.test_boolean_degrees_rejected.<locals>.<lambda> at 0x7f5c0dc33420>)
----------------------------------------------------------------------
Traceback (most recent call last):
  File "/workspace/scratch/6cf5f59cd2d1/gap_work/repo/research/r31ao_unequal_ladder/gap_closure_20261001_g0_g6_v1/endpoint_bound/test_input_contract.py", line 29, in test_boolean_degrees_rejected
    with self.assertRaises((TypeError, ValueError, ResourceLimit)):
         ^^^^^^^^^^^^^^^^^^^^^^^^^^^^^^^^^^^^^^^^^^^^^^^^^^^^^^^^^
AssertionError: (<class 'TypeError'>, <class 'ValueError'>, <class 'endpoint_bound.engine.ResourceLimit'>) not raised

======================================================================
FAIL: test_boolean_degrees_rejected (endpoint_bound.test_input_contract.ExactInputContract.test_boolean_degrees_rejected) (call=<function ExactInputContract.test_boolean_degrees_rejected.<locals>.<lambda> at 0x7f5c0dc334c0>)
----------------------------------------------------------------------
Traceback (most recent call last):
  File "/workspace/scratch/6cf5f59cd2d1/gap_work/repo/research/r31ao_unequal_ladder/gap_closure_20261001_g0_g6_v1/endpoint_bound/test_input_contract.py", line 29, in test_boolean_degrees_rejected
    with self.assertRaises((TypeError, ValueError, ResourceLimit)):
         ^^^^^^^^^^^^^^^^^^^^^^^^^^^^^^^^^^^^^^^^^^^^^^^^^^^^^^^^^
AssertionError: (<class 'TypeError'>, <class 'ValueError'>, <class 'endpoint_bound.engine.ResourceLimit'>) not raised

======================================================================
FAIL: test_boolean_degrees_rejected (endpoint_bound.test_input_contract.ExactInputContract.test_boolean_degrees_rejected) (call=<function ExactInputContract.test_boolean_degrees_rejected.<locals>.<lambda> at 0x7f5c0da3ea20>)
----------------------------------------------------------------------
Traceback (most recent call last):
  File "/workspace/scratch/6cf5f59cd2d1/gap_work/repo/research/r31ao_unequal_ladder/gap_closure_20261001_g0_g6_v1/endpoint_bound/test_input_contract.py", line 29, in test_boolean_degrees_rejected
    with self.assertRaises((TypeError, ValueError, ResourceLimit)):
         ^^^^^^^^^^^^^^^^^^^^^^^^^^^^^^^^^^^^^^^^^^^^^^^^^^^^^^^^^
AssertionError: (<class 'TypeError'>, <class 'ValueError'>, <class 'endpoint_bound.engine.ResourceLimit'>) not raised

======================================================================
FAIL: test_boolean_degrees_rejected (endpoint_bound.test_input_contract.ExactInputContract.test_boolean_degrees_rejected) (call=<function ExactInputContract.test_boolean_degrees_rejected.<locals>.<lambda> at 0x7f5c0da3eac0>)
----------------------------------------------------------------------
Traceback (most recent call last):
  File "/workspace/scratch/6cf5f59cd2d1/gap_work/repo/research/r31ao_unequal_ladder/gap_closure_20261001_g0_g6_v1/endpoint_bound/test_input_contract.py", line 29, in test_boolean_degrees_rejected
    with self.assertRaises((TypeError, ValueError, ResourceLimit)):
         ^^^^^^^^^^^^^^^^^^^^^^^^^^^^^^^^^^^^^^^^^^^^^^^^^^^^^^^^^
AssertionError: (<class 'TypeError'>, <class 'ValueError'>, <class 'endpoint_bound.engine.ResourceLimit'>) not raised

======================================================================
FAIL: test_boolean_degrees_rejected (endpoint_bound.test_input_contract.ExactInputContract.test_boolean_degrees_rejected) (call=<function ExactInputContract.test_boolean_degrees_rejected.<locals>.<lambda> at 0x7f5c0da3eb60>)
----------------------------------------------------------------------
Traceback (most recent call last):
  File "/workspace/scratch/6cf5f59cd2d1/gap_work/repo/research/r31ao_unequal_ladder/gap_closure_20261001_g0_g6_v1/endpoint_bound/test_input_contract.py", line 29, in test_boolean_degrees_rejected
    with self.assertRaises((TypeError, ValueError, ResourceLimit)):
         ^^^^^^^^^^^^^^^^^^^^^^^^^^^^^^^^^^^^^^^^^^^^^^^^^^^^^^^^^
AssertionError: (<class 'TypeError'>, <class 'ValueError'>, <class 'endpoint_bound.engine.ResourceLimit'>) not raised

======================================================================
FAIL: test_boolean_degrees_rejected (endpoint_bound.test_input_contract.ExactInputContract.test_boolean_degrees_rejected) (call=<function ExactInputContract.test_boolean_degrees_rejected.<locals>.<lambda> at 0x7f5c0da3ec00>)
----------------------------------------------------------------------
Traceback (most recent call last):
  File "/workspace/scratch/6cf5f59cd2d1/gap_work/repo/research/r31ao_unequal_ladder/gap_closure_20261001_g0_g6_v1/endpoint_bound/test_input_contract.py", line 29, in test_boolean_degrees_rejected
    with self.assertRaises((TypeError, ValueError, ResourceLimit)):
         ^^^^^^^^^^^^^^^^^^^^^^^^^^^^^^^^^^^^^^^^^^^^^^^^^^^^^^^^^
AssertionError: (<class 'TypeError'>, <class 'ValueError'>, <class 'endpoint_bound.engine.ResourceLimit'>) not raised

======================================================================
FAIL: test_boolean_degrees_rejected (endpoint_bound.test_input_contract.ExactInputContract.test_boolean_degrees_rejected) (call=<function ExactInputContract.test_boolean_degrees_rejected.<locals>.<lambda> at 0x7f5c0da3eca0>)
----------------------------------------------------------------------
Traceback (most recent call last):
  File "/workspace/scratch/6cf5f59cd2d1/gap_work/repo/research/r31ao_unequal_ladder/gap_closure_20261001_g0_g6_v1/endpoint_bound/test_input_contract.py", line 29, in test_boolean_degrees_rejected
    with self.assertRaises((TypeError, ValueError, ResourceLimit)):
         ^^^^^^^^^^^^^^^^^^^^^^^^^^^^^^^^^^^^^^^^^^^^^^^^^^^^^^^^^
AssertionError: (<class 'TypeError'>, <class 'ValueError'>, <class 'endpoint_bound.engine.ResourceLimit'>) not raised

======================================================================
FAIL: test_boolean_panel_count_rejected (endpoint_bound.test_input_contract.ExactInputContract.test_boolean_panel_count_rejected)
----------------------------------------------------------------------
Traceback (most recent call last):
  File "/workspace/scratch/6cf5f59cd2d1/gap_work/repo/research/r31ao_unequal_ladder/gap_closure_20261001_g0_g6_v1/endpoint_bound/test_input_contract.py", line 41, in test_boolean_panel_count_rejected
    with self.assertRaises(ResourceLimit):
         ^^^^^^^^^^^^^^^^^^^^^^^^^^^^^^^^
AssertionError: ResourceLimit not raised

======================================================================
FAIL: test_caps_checked_before_trivial_return (endpoint_bound.test_input_contract.ExactInputContract.test_caps_checked_before_trivial_return) (params={'max_terms': True})
----------------------------------------------------------------------
Traceback (most recent call last):
  File "/workspace/scratch/6cf5f59cd2d1/gap_work/repo/research/r31ao_unequal_ladder/gap_closure_20261001_g0_g6_v1/endpoint_bound/test_input_contract.py", line 37, in test_caps_checked_before_trivial_return
    with self.assertRaises(ResourceLimit):
         ^^^^^^^^^^^^^^^^^^^^^^^^^^^^^^^^
AssertionError: ResourceLimit not raised

======================================================================
FAIL: test_caps_checked_before_trivial_return (endpoint_bound.test_input_contract.ExactInputContract.test_caps_checked_before_trivial_return) (params={'max_terms': 1})
----------------------------------------------------------------------
Traceback (most recent call last):
  File "/workspace/scratch/6cf5f59cd2d1/gap_work/repo/research/r31ao_unequal_ladder/gap_closure_20261001_g0_g6_v1/endpoint_bound/test_input_contract.py", line 37, in test_caps_checked_before_trivial_return
    with self.assertRaises(ResourceLimit):
         ^^^^^^^^^^^^^^^^^^^^^^^^^^^^^^^^
AssertionError: ResourceLimit not raised

======================================================================
FAIL: test_caps_checked_before_trivial_return (endpoint_bound.test_input_contract.ExactInputContract.test_caps_checked_before_trivial_return) (params={'max_squarings': -1})
----------------------------------------------------------------------
Traceback (most recent call last):
  File "/workspace/scratch/6cf5f59cd2d1/gap_work/repo/research/r31ao_unequal_ladder/gap_closure_20261001_g0_g6_v1/endpoint_bound/test_input_contract.py", line 37, in test_caps_checked_before_trivial_return
    with self.assertRaises(ResourceLimit):
         ^^^^^^^^^^^^^^^^^^^^^^^^^^^^^^^^
AssertionError: ResourceLimit not raised

======================================================================
FAIL: test_caps_checked_before_trivial_return (endpoint_bound.test_input_contract.ExactInputContract.test_caps_checked_before_trivial_return) (params={'max_squarings': True})
----------------------------------------------------------------------
Traceback (most recent call last):
  File "/workspace/scratch/6cf5f59cd2d1/gap_work/repo/research/r31ao_unequal_ladder/gap_closure_20261001_g0_g6_v1/endpoint_bound/test_input_contract.py", line 37, in test_caps_checked_before_trivial_return
    with self.assertRaises(ResourceLimit):
         ^^^^^^^^^^^^^^^^^^^^^^^^^^^^^^^^
AssertionError: ResourceLimit not raised

======================================================================
FAIL: test_caps_checked_before_trivial_return (endpoint_bound.test_input_contract.ExactInputContract.test_caps_checked_before_trivial_return) (params={'max_squarings': 1000000})
----------------------------------------------------------------------
Traceback (most recent call last):
  File "/workspace/scratch/6cf5f59cd2d1/gap_work/repo/research/r31ao_unequal_ladder/gap_closure_20261001_g0_g6_v1/endpoint_bound/test_input_contract.py", line 37, in test_caps_checked_before_trivial_return
    with self.assertRaises(ResourceLimit):
         ^^^^^^^^^^^^^^^^^^^^^^^^^^^^^^^^
AssertionError: ResourceLimit not raised

======================================================================
FAIL: test_interval_integer_growth_cap (endpoint_bound.test_input_contract.ExactInputContract.test_interval_integer_growth_cap)
----------------------------------------------------------------------
Traceback (most recent call last):
  File "/workspace/scratch/6cf5f59cd2d1/gap_work/repo/research/r31ao_unequal_ladder/gap_closure_20261001_g0_g6_v1/endpoint_bound/test_input_contract.py", line 17, in test_interval_integer_growth_cap
    with self.assertRaises(ResourceLimit):
         ^^^^^^^^^^^^^^^^^^^^^^^^^^^^^^^^
AssertionError: ResourceLimit not raised

======================================================================
FAIL: test_interval_rejects_host_float_bool_and_string (endpoint_bound.test_input_contract.ExactInputContract.test_interval_rejects_host_float_bool_and_string) (value=0.1)
----------------------------------------------------------------------
Traceback (most recent call last):
  File "/workspace/scratch/6cf5f59cd2d1/gap_work/repo/research/r31ao_unequal_ladder/gap_closure_20261001_g0_g6_v1/endpoint_bound/test_input_contract.py", line 13, in test_interval_rejects_host_float_bool_and_string
    with self.assertRaises(TypeError):
         ^^^^^^^^^^^^^^^^^^^^^^^^^^^^
AssertionError: TypeError not raised

======================================================================
FAIL: test_interval_rejects_host_float_bool_and_string (endpoint_bound.test_input_contract.ExactInputContract.test_interval_rejects_host_float_bool_and_string) (value=True)
----------------------------------------------------------------------
Traceback (most recent call last):
  File "/workspace/scratch/6cf5f59cd2d1/gap_work/repo/research/r31ao_unequal_ladder/gap_closure_20261001_g0_g6_v1/endpoint_bound/test_input_contract.py", line 13, in test_interval_rejects_host_float_bool_and_string
    with self.assertRaises(TypeError):
         ^^^^^^^^^^^^^^^^^^^^^^^^^^^^
AssertionError: TypeError not raised

======================================================================
FAIL: test_interval_rejects_host_float_bool_and_string (endpoint_bound.test_input_contract.ExactInputContract.test_interval_rejects_host_float_bool_and_string) (value=False)
----------------------------------------------------------------------
Traceback (most recent call last):
  File "/workspace/scratch/6cf5f59cd2d1/gap_work/repo/research/r31ao_unequal_ladder/gap_closure_20261001_g0_g6_v1/endpoint_bound/test_input_contract.py", line 13, in test_interval_rejects_host_float_bool_and_string
    with self.assertRaises(TypeError):
         ^^^^^^^^^^^^^^^^^^^^^^^^^^^^
AssertionError: TypeError not raised

======================================================================
FAIL: test_interval_rejects_host_float_bool_and_string (endpoint_bound.test_input_contract.ExactInputContract.test_interval_rejects_host_float_bool_and_string) (value='1/3')
----------------------------------------------------------------------
Traceback (most recent call last):
  File "/workspace/scratch/6cf5f59cd2d1/gap_work/repo/research/r31ao_unequal_ladder/gap_closure_20261001_g0_g6_v1/endpoint_bound/test_input_contract.py", line 13, in test_interval_rejects_host_float_bool_and_string
    with self.assertRaises(TypeError):
         ^^^^^^^^^^^^^^^^^^^^^^^^^^^^
AssertionError: TypeError not raised

----------------------------------------------------------------------
Ran 5 tests in 0.005s

FAILED (failures=18)
