test_missing_null_or_malformed_identity_is_not_admitted (test_provenance_gate.ProvenanceGateTests.test_missing_null_or_malformed_identity_is_not_admitted) ... 
  test_missing_null_or_malformed_identity_is_not_admitted (test_provenance_gate.ProvenanceGateTests.test_missing_null_or_malformed_identity_is_not_admitted) (location='compiler', invalid=None) ... FAIL
  test_missing_null_or_malformed_identity_is_not_admitted (test_provenance_gate.ProvenanceGateTests.test_missing_null_or_malformed_identity_is_not_admitted) (location='binary', invalid=None) ... FAIL
  test_missing_null_or_malformed_identity_is_not_admitted (test_provenance_gate.ProvenanceGateTests.test_missing_null_or_malformed_identity_is_not_admitted) (location='log', invalid=None) ... FAIL

======================================================================
FAIL: test_missing_null_or_malformed_identity_is_not_admitted (test_provenance_gate.ProvenanceGateTests.test_missing_null_or_malformed_identity_is_not_admitted) (location='compiler', invalid=None)
----------------------------------------------------------------------
Traceback (most recent call last):
  File "/workspace/scratch/6cf5f59cd2d1/gap_work/repo/research/r31ao_unequal_ladder/host_synthetic_readiness_20261001_v1/test_provenance_gate.py", line 118, in test_missing_null_or_malformed_identity_is_not_admitted
    with self.assertRaises(ValueError): self.verify()
         ^^^^^^^^^^^^^^^^^^^^^^^^^^^^^
AssertionError: ValueError not raised

======================================================================
FAIL: test_missing_null_or_malformed_identity_is_not_admitted (test_provenance_gate.ProvenanceGateTests.test_missing_null_or_malformed_identity_is_not_admitted) (location='binary', invalid=None)
----------------------------------------------------------------------
Traceback (most recent call last):
  File "/workspace/scratch/6cf5f59cd2d1/gap_work/repo/research/r31ao_unequal_ladder/host_synthetic_readiness_20261001_v1/test_provenance_gate.py", line 118, in test_missing_null_or_malformed_identity_is_not_admitted
    with self.assertRaises(ValueError): self.verify()
         ^^^^^^^^^^^^^^^^^^^^^^^^^^^^^
AssertionError: ValueError not raised

======================================================================
FAIL: test_missing_null_or_malformed_identity_is_not_admitted (test_provenance_gate.ProvenanceGateTests.test_missing_null_or_malformed_identity_is_not_admitted) (location='log', invalid=None)
----------------------------------------------------------------------
Traceback (most recent call last):
  File "/workspace/scratch/6cf5f59cd2d1/gap_work/repo/research/r31ao_unequal_ladder/host_synthetic_readiness_20261001_v1/test_provenance_gate.py", line 118, in test_missing_null_or_malformed_identity_is_not_admitted
    with self.assertRaises(ValueError): self.verify()
         ^^^^^^^^^^^^^^^^^^^^^^^^^^^^^
AssertionError: ValueError not raised

----------------------------------------------------------------------
Ran 1 test in 0.008s

FAILED (failures=3)
