{
  "conditional_halving_factors": {
    "K_linear_remainder_factor": 0.25,
    "O_cubic_remainder_factor": 0.0625
  },
  "direct_z25_output_accessed": false,
  "direct_z35_output_accessed": false,
  "empirical_HH_error_reduction_claimed": false,
  "policy_sha256": "b7d9928e23d1f3cd8abf0fe7be34a5868d6760bfab388ac626bab6c1c524dbc8",
  "schema": "WU088_R31AH_POLICY_REPLAY_V1",
  "science_node_count": 0,
  "source_error_enclosure_certified": false,
  "unit_error_lower_bound_coefficients": {
    "K_second_lower_per_t3": 1.600272997602434,
    "K_second_lower_per_t_z2": 8.0,
    "O_fourth_lower_per_t4": 15.365242001132874,
    "O_fourth_lower_per_z4": 384.0
  },
  "verdict_actions": {
    "GLOBAL_SUPPORTED_AT_Z35": {
      "action": "STOP_FOR_MODEL_CLASS_REVIEW",
      "auto_execute_next_node": false,
      "auto_retune": false,
      "model_class_review_required": true,
      "next_fresh_validation_z": null,
      "z35_role_if_successor_built": "DO_NOT_CONSUME_WITHOUT_NEW_MODEL_POLICY"
    },
    "PARETO_SUPPORTED_AT_Z35": {
      "action": "REPORT_SUPPORT_THEN_OPTIONAL_LOCAL_REFINE_RIGHT_CELL",
      "auto_execute_next_node": false,
      "auto_retune": false,
      "model_class_review_required": false,
      "next_fresh_validation_z": 2.5,
      "z35_role_if_successor_built": "PRIOR_INDEPENDENT_VALIDATION_CONSUMED_AS_SUCCESSOR_TRAINING"
    },
    "TRADEOFF_UNRESOLVED": {
      "action": "STOP_FOR_MODEL_CLASS_REVIEW",
      "auto_execute_next_node": false,
      "auto_retune": false,
      "model_class_review_required": true,
      "next_fresh_validation_z": null,
      "z35_role_if_successor_built": "DO_NOT_CONSUME_WITHOUT_NEW_MODEL_POLICY"
    }
  },
  "z25_preoutput_information": {
    "DeltaDmax_per_ta": 0.20561180584475613,
    "DeltaK_per_ta": 0.1912237840334797,
    "Dmax_half_gap_per_ta": 0.10280590292237807,
    "K_half_gap_per_ta": 0.09561189201673985,
    "S_design_only_per_ta": 0.280789512416017,
    "winner_prediction": false
  }
}
