{
  "schema": "WU088_R31AB_Z1_INFORMATION_V1",
  "input_sha256": "565a9ee6d831f5f9e3e69010270f5319aa3328432950efcfda81cfabf325c079",
  "z_a0": 1.0,
  "time_ta": 2.2358772390338113,
  "models": [
    "R31Z_GLOBAL_QUINTIC_O_QUADRATIC_K",
    "R31AA_LOCAL_PIECEWISE_CUBIC_O_LINEAR_K"
  ],
  "model_separation": {
    "O": 0.12604400117383283,
    "dotO": 0.009480380748858165,
    "K": 0.2165779475378074,
    "Dcol": 0.2139491935471555,
    "Drow": 0.21927766897126583,
    "Dmax": 0.21927766897126583
  },
  "truth_independent_half_gap_lower_bound": {
    "K": 0.1082889737689037,
    "Dcol": 0.10697459677357775,
    "Drow": 0.10963883448563291,
    "Dmax": 0.10963883448563291,
    "logic": "for any truth X, ||G-L|| <= ||G-X||+||L-X||, so at least one model error >= separation/2"
  },
  "comparison_tolerance": 1e-10,
  "separation_over_tolerance": {
    "K": 2165779475.378074,
    "Dmax": 2192776689.7126584
  },
  "information_verdict": "HIGH_DISCRIMINATION_EXPECTED",
  "existing_equivalent_z1_mixed_node": "NOT_FOUND_IN_PARENT_CP4_INVENTORY",
  "new_scientific_node_executed": false,
  "execution_authorized_here": false,
  "claim_ceiling": "model-separation analysis only; no prediction of which model will win"
}
