    Checking hh_phys04_candidate v0.1.0 (/root/WU088_HH_PHYS04_NCP_20261011/repo/research/r31ao_unequal_ladder/ncp_phys04_local_20261011_v1/candidate)
warning: multiple fields are never read
  --> candidate/src/phys04_receipt.rs:28:2
   |
26 | struct SameEndpointReturn {
   |        ------------------ fields in this struct
27 |  next:PairedState,audit:String,ledger:f64,events:[f64;2],
28 |  point:crate::coupled_primary::HhStep,root:crate::coupled_primary::HhRoot,
   |  ^^^^^                                ^^^^
29 |  carry:PrimaryBox,stage:PrimaryStage,prebe:PrimaryState,parent:PrimaryBox,control:StepControl,
   |  ^^^^^            ^^^^^              ^^^^^              ^^^^^^            ^^^^^^^
30 |  identity:EndpointIdentity,
   |  ^^^^^^^^
   |
   = note: `#[warn(dead_code)]` (part of `#[warn(unused)]`) on by default

warning: struct `AcceptedHalf1` is never constructed
  --> candidate/src/phys04_receipt.rs:33:8
   |
33 | struct AcceptedHalf1 {returned:SameEndpointReturn,history:[f64;4]}
   |        ^^^^^^^^^^^^^

warning: function `accepted_half1_receipt` is never used
  --> candidate/src/phys04_receipt.rs:34:4
   |
34 | fn accepted_half1_receipt(returned:SameEndpointReturn,c:&PairedConfig,h:[f64;3],old:&PairedState,history:[f64;4])->Result<AcceptedHa...
   |    ^^^^^^^^^^^^^^^^^^^^^^

warning: function `resolve_half2_predecessor` is never used
  --> candidate/src/phys04_receipt.rs:48:4
   |
48 | fn resolve_half2_predecessor(receipt:&AcceptedHalf1,c:&PairedConfig,h:[f64;3],old:&PairedState,history:[f64;4])->Result<PairedState,...
   |    ^^^^^^^^^^^^^^^^^^^^^^^^^

warning: `hh_phys04_candidate` (lib) generated 4 warnings
    Checking rei_microphysics v0.1.0 (/root/WU088_HH_PHYS04_NCP_20261011/repo/research/r31ao_unequal_ladder/ncp_energy06e_certificate_20261010_v1/original_owner_dependency)
    Checking hh_phys04_local v0.1.0 (/root/WU088_HH_PHYS04_NCP_20261011/repo/research/r31ao_unequal_ladder/ncp_phys04_local_20261011_v1)
    Finished `dev` profile [unoptimized + debuginfo] target(s) in 4.24s
