{
  "PASS": true,
  "summary": {
    "HI_opacity": {
      "full": "2.410881368510333130967076497385596768915E-19",
      "two_half": "2.410880809362906849698009626067733049768E-19",
      "defect_two_minus_full": "-5.591474262812690668713178637191468147957E-26",
      "relative_defect_to_full": "-2.319265616237112412424022254478608448295E-7",
      "relative_quartic_remainder": "-6.103540632500913408228395417431896880074E-17"
    },
    "HI_excess_energy": {
      "full": "1.919199142902805921304814021012912316295E-20",
      "two_half": "1.919199088970850415085437681345975844331E-20",
      "defect_two_minus_full": "-5.393195550621937633966693647196372133277E-28",
      "relative_defect_to_full": "-2.810128157135731615536106925211063767662E-8",
      "relative_quartic_remainder": "-6.103540632500913408228395417431896880074E-17"
    },
    "birth_remap_quartic_ratio_ppm": "5.304951110809628686637183037046470009033"
  },
  "output": "results/REMAP_OPACITY_EXACT_V1.json"
}
