{
  "status": "FROZEN_MATCHED_CONTINUOUS_SIGN_ENCLOSED",
  "time": {
    "h_s": "1250000000",
    "tau": [
      0,
      1
    ],
    "meaning": "a single frozen proper-time source stage"
  },
  "absolute_remainder_at_h": {
    "ball": "[5.419101446044448350381590307066022000683e-20 +/- 3.03e-60]",
    "lower": "5.419101446044448350381590307066022000683e-20",
    "upper": "5.419101446044448350381590307066022000683e-20",
    "finite": true
  },
  "relative_remainder_upper_ball": {
    "ball": "[0.002688171138429358495638926747432853899717 +/- 3.19e-44]",
    "lower": "0.002688171138429358495638926747432853899717",
    "upper": "0.002688171138429358495638926747432853899717",
    "finite": true
  },
  "I_over_lambda_s_at_h_enclosure": {
    "ball": "[-2.0e-17 +/- 2.14e-19]",
    "lower": "-2.021325517745198987078889548056193449650e-17",
    "upper": "-2.010487314834139422687637692681199046985e-17",
    "finite": true
  },
  "compatibility": {
    "orders_zero_to_two_exact_zero": true,
    "inherited_cubic_enclosed": true
  },
  "wall_seconds": 0.1333498329986469
}
