{
  "status": "FROZEN_MATCHED_CONTINUOUS_SIGN_ENCLOSED",
  "time": {
    "h_s": "1250000000",
    "tau": [
      0,
      1
    ],
    "meaning": "a single frozen proper-time source stage"
  },
  "absolute_remainder_at_h": {
    "ball": "[5.419101445728903988293185584901330574570e-20 +/- 1.89e-60]",
    "lower": "5.41910144572890398829318558490133057457018E-20",
    "upper": "5.41910144572890398829318558490133057457019E-20",
    "lower_exact_dyadic": {
      "mantissa": "1230878994263148610222748900316254332620197491450279011942193490825119277612957902878992196343428133520662737366985",
      "exponent_2": -443
    },
    "upper_exact_dyadic": {
      "mantissa": "1230878994263148610222748900316254332620197491450279011942193490825119277612957902878992196343428133520662737366985",
      "exponent_2": -443
    },
    "finite": true,
    "decimal_endpoint_rounding": "outward_42_significant_digits"
  },
  "relative_remainder_upper_ball": {
    "ball": "[0.002688171138272831208688189850025639623720 +/- 2.81e-44]",
    "lower": "0.00268817113827283120868818985002563962371997",
    "upper": "0.00268817113827283120868818985002563962371998",
    "lower_exact_dyadic": {
      "mantissa": "27115349976881893288010583690898870024204883014665053966435134951439699337313994237045169618646183297552073604507665",
      "exponent_2": -392
    },
    "upper_exact_dyadic": {
      "mantissa": "27115349976881893288010583690898870024204883014665053966435134951439699337313994237045169618646183297552073604507775",
      "exponent_2": -392
    },
    "finite": true,
    "decimal_endpoint_rounding": "outward_42_significant_digits"
  },
  "I_over_lambda_s_at_h_enclosure": {
    "ball": "[-2.011e-17 +/- 5.13e-21]",
    "lower": "-2.01073490491674387363486225940813047856581E-17",
    "upper": "-2.01048731484362475653288203006163022631681E-17",
    "lower_exact_dyadic": {
      "mantissa": "-3568066389615074551535667594184344863297180696084882958597098544153385213025689358376844388049357185162291999502065",
      "exponent_2": -436
    },
    "upper_exact_dyadic": {
      "mantissa": "-3567627038900000930671274259957633807321906975765532132440813482855401768535318419263336987816952057629563997482737",
      "exponent_2": -436
    },
    "finite": true,
    "decimal_endpoint_rounding": "outward_42_significant_digits"
  },
  "compatibility": {
    "orders_zero_to_two_exact_zero": true,
    "inherited_cubic_enclosed": true
  },
  "wall_seconds": 0.12715235100040445
}
