{
  "status": "FROZEN_MATCHED_CONTINUOUS_SIGN_ENCLOSED",
  "time": {
    "h_s": "1250000000",
    "tau": [
      0,
      1
    ],
    "meaning": "a single frozen proper-time source stage"
  },
  "absolute_remainder_at_h": {
    "ball": "[5.419101446044448350381590307066022000683e-20 +/- 3.03e-60]",
    "lower": "5.41910144604444835038159030706602200068330E-20",
    "upper": "5.41910144604444835038159030706602200068331E-20",
    "lower_exact_dyadic": {
      "mantissa": "57875652175455994346629942018458659960374514567532055611054206105656945107311",
      "exponent_2": -319
    },
    "upper_exact_dyadic": {
      "mantissa": "57875652175455994346629942018458659960374514567532055611054206105656945107311",
      "exponent_2": -319
    },
    "finite": true,
    "decimal_endpoint_rounding": "outward_42_significant_digits"
  },
  "relative_remainder_upper_ball": {
    "ball": "[0.002688171138429358495638926747432853899717 +/- 3.19e-44]",
    "lower": "0.00268817113842935849563892674743285389971696",
    "upper": "0.00268817113842935849563892674743285389971697",
    "lower_exact_dyadic": {
      "mantissa": "39842425900312338734007507104720517622388185591435583028525214724231120232249",
      "exponent_2": -263
    },
    "upper_exact_dyadic": {
      "mantissa": "39842425900312338734007507104720517622388185591435583028525214724231120232301",
      "exponent_2": -263
    },
    "finite": true,
    "decimal_endpoint_rounding": "outward_42_significant_digits"
  },
  "I_over_lambda_s_at_h_enclosure": {
    "ball": "[-2.011e-17 +/- 5.13e-21]",
    "lower": "-2.01073490491705941799695066413029516999192E-17",
    "upper": "-2.01048731484330921217079362533946553489069E-17",
    "lower_exact_dyadic": {
      "mantissa": "-5242802355440066789706845230393558472308006978983139041190351081395931928243",
      "exponent_2": -307
    },
    "upper_exact_dyadic": {
      "mantissa": "-5242156787583922817943575711009463275345620875425140809607569886444401809075",
      "exponent_2": -307
    },
    "finite": true,
    "decimal_endpoint_rounding": "outward_42_significant_digits"
  },
  "compatibility": {
    "orders_zero_to_two_exact_zero": true,
    "inherited_cubic_enclosed": true
  },
  "wall_seconds": 0.13131935200362932
}
