{
  "ZIP_refusals": {
    "same_count_duplicate": "duplicate ZIP member path",
    "same_count_path_traversal": "missing, extra or noncanonical member path",
    "symlink_entry": "nonregular ZIP entry",
    "ratio_budget": "compression ratio cap exceeded",
    "aggregate_size_budget": "uncompressed archive budget exceeded",
    "crc_corruption": "malformed or unsupported NPZ/NPY: Bad CRC-32 for file 'pref.npy'"
  },
  "rational_token_refusals_after_rehash": [
    "1\");system(\"x",
    "0\n#include <x>",
    "-0",
    "01",
    "1/3",
    "1/0"
  ],
  "Fortran_to_assembly_flat_index_checks": 8,
  "donor_flat_index_checks": 4,
  "synthetic_record_flags_false": true,
  "native_compile_performed": false,
  "actual_Frozen107_bytes_accessed": false
}
