test_build_flags_and_compile_only_contract (__main__.CacheStaticTests.test_build_flags_and_compile_only_contract) ... ok
test_cache_invalid_degree_uses_original_failure_path (__main__.CacheStaticTests.test_cache_invalid_degree_uses_original_failure_path) ... ok
test_cache_is_local_full_box_and_precision_preserved (__main__.CacheStaticTests.test_cache_is_local_full_box_and_precision_preserved) ... ok
test_exact_rounded_expression_model_and_counts (__main__.CacheStaticTests.test_exact_rounded_expression_model_and_counts) ... ok
test_imports_exact_original_helpers_once (__main__.CacheStaticTests.test_imports_exact_original_helpers_once) ... ok
test_incomplete_lock_refused (__main__.CacheStaticTests.test_incomplete_lock_refused) ... ok
test_native_fixture_requires_exact_equality_and_dump (__main__.CacheStaticTests.test_native_fixture_requires_exact_equality_and_dump) ... ok
test_reassociation_can_change_outward_interval (__main__.CacheStaticTests.test_reassociation_can_change_outward_interval) ... FAIL
test_source_lock_exact_dependencies (__main__.CacheStaticTests.test_source_lock_exact_dependencies) ... ok
test_term_expression_and_sum_tree_preserved (__main__.CacheStaticTests.test_term_expression_and_sum_tree_preserved) ... ok

======================================================================
FAIL: test_reassociation_can_change_outward_interval (__main__.CacheStaticTests.test_reassociation_can_change_outward_interval)
----------------------------------------------------------------------
Traceback (most recent call last):
  File "/workspace/scratch/6cf5f59cd2d1/gap_work/repo/research/r31ao_unequal_ladder/ncp64_acceleration_20261001_v1/native_cache/test_static_cache.py", line 89, in test_reassociation_can_change_outward_interval
    self.assertNotEqual(multiply(multiply(a, b), c), multiply(a, multiply(b, c)))
AssertionError: (Fraction(7, 128), Fraction(1, 16)) == (Fraction(7, 128), Fraction(1, 16))

----------------------------------------------------------------------
Ran 10 tests in 0.012s

FAILED (failures=1)
