test_complex_gram_and_adjoint (__main__.T5Tests.test_complex_gram_and_adjoint) ... ok
test_direct_target_gap_refines_raw_tube (__main__.T5Tests.test_direct_target_gap_refines_raw_tube) ... ok
test_drifting_centers_contain_same_target (__main__.T5Tests.test_drifting_centers_contain_same_target) ... ok
test_fixed_shape_rational_radius_allocation (__main__.T5Tests.test_fixed_shape_rational_radius_allocation) ... ERROR
test_frobenius_fails_valid_spectral_budget (__main__.T5Tests.test_frobenius_fails_valid_spectral_budget) ... ok
test_k_center_cancellation_and_stored_model_k (__main__.T5Tests.test_k_center_cancellation_and_stored_model_k) ... ok
test_k_disk_conjugation_transpose_and_radius (__main__.T5Tests.test_k_disk_conjugation_transpose_and_radius) ... ok
test_max_switch_and_empty_intersection (__main__.T5Tests.test_max_switch_and_empty_intersection) ... ok
test_negative_radius_rejected (__main__.T5Tests.test_negative_radius_rejected) ... ok
test_nonzero_disks_preserve_improvement (__main__.T5Tests.test_nonzero_disks_preserve_improvement) ... ok
test_rectangle_corner_needs_euclidean_radius (__main__.T5Tests.test_rectangle_corner_needs_euclidean_radius) ... ok
test_refinement_does_not_remove_fixed_raw_error (__main__.T5Tests.test_refinement_does_not_remove_fixed_raw_error) ... ok
test_uniform_gram_radical_width_bound (__main__.T5Tests.test_uniform_gram_radical_width_bound) ... ok

======================================================================
ERROR: test_fixed_shape_rational_radius_allocation (__main__.T5Tests.test_fixed_shape_rational_radius_allocation)
----------------------------------------------------------------------
Traceback (most recent call last):
  File "/workspace/scratch/6cf5f59cd2d1/gap_work/repo/research/r31ao_unequal_ladder/theory_closure_20261001_v1/theory_checks/t5_test_sharp_residual.py", line 111, in test_fixed_shape_rational_radius_allocation
    rho=t5.fixed94_radius_bound(r)
        ^^^^^^^^^^^^^^^^^^^^^^^
AttributeError: module 't5_sharp_residual' has no attribute 'fixed94_radius_bound'

----------------------------------------------------------------------
Ran 13 tests in 0.007s

FAILED (errors=1)
