{
  "manifest_sha256": "57a1379cc7b658fb8f9eebe2f47cb48f806c3f0ca0292e8e52f53d82d703835b",
  "replay": {
    "schema": "WU088_R31AI_SEVEN_NODE_MODEL_REPLAY_V1",
    "model_name": "R31AI_ADAPTIVE_SEVEN_NODE_CUBIC_O_LINEAR_K",
    "engine_sha256": "ab220248066580fc77af70c412251dbe3ed643a6fadc266cf5c25a7a3a6651a0",
    "cells_z_a0": [
      [
        0,
        0.5
      ],
      [
        0.5,
        1
      ],
      [
        1,
        2
      ],
      [
        2,
        3
      ],
      [
        3,
        3.5
      ],
      [
        3.5,
        4
      ]
    ],
    "node_reproduction_max_2norm": {
      "O": 0.0,
      "dotO": 4.546892278829026e-17,
      "K": 0.0,
      "D_col": 8.947768860794336e-17,
      "D_row": 8.434781588788996e-17
    },
    "internal_node_continuity_max_2norm": {
      "O": 0.0,
      "dotO": 8.195467818242025e-17,
      "K": 0.0,
      "D_col": 7.926302332445572e-17,
      "D_row": 8.038739945747499e-17
    },
    "dense_grid_points": 401,
    "dense_grid_metric_identity_max_2norm": 1.865411113237405e-16,
    "source_array_mutation": false,
    "science_node_count": 0,
    "predictive_validation_performed": false
  },
  "indicator": {
    "schema": "WU088_R31AI_Z35_APOSTERIORI_INDICATOR_V1",
    "E_O": 0.028316443455109017,
    "E_dotO_per_ta": 0.02180471880970521,
    "E_K_per_ta": 0.06617406868623811,
    "E_Dmax_per_ta": 0.06827426878354666,
    "cell_width_ta": 2.2358772390338113,
    "cell_width_a0": 1.0,
    "necessary_lower_bounds": {
      "O_fourth_lower_per_t4": 0.4350890062991451,
      "K_second_lower_per_t3": 0.1058965752600756,
      "O_fourth_lower_per_z4": 10.873514286761862,
      "K_second_lower_per_t_z2": 0.5293925494899049
    },
    "R31AF_original_verdict": "PARETO_SUPPORTED_AT_Z35",
    "R31AF_original_verdict_scope": "single-point relative support only",
    "direct_point_role": "PRIOR_INDEPENDENT_VALIDATION_CONSUMED_AS_R31AI_TRAINING",
    "certified_source_error_enclosure": false,
    "empirical_error_reduction_claimed": false
  },
  "prediction": {
    "schema": "WU088_R31AI_Z25_PREDICTION_ONLY_V1",
    "selected_z_a0": 2.5,
    "selected_time_ta": 5.589693097584528,
    "computed_time_ta": 5.5896930975845285,
    "z25_direct_output_accessed": false,
    "z25_archive_members": [],
    "z25_local_runtime_paths_existing": [],
    "unchanged_unaffected_cell_prediction_max_2norm": {
      "O": 0.0,
      "dotO": 0.0,
      "Dcol": 0.0,
      "Drow": 0.0,
      "K": 0.0
    },
    "DeltaK_model": 0.1912237840334797,
    "DeltaDcol_model": 0.18557809437208567,
    "DeltaDrow_model": 0.20561180584475613,
    "DeltaDmax_model": 0.20561180584475613,
    "S_design_only": 0.280789512416017,
    "truth_independent_half_gaps": {
      "E_K": 0.09561189201673985,
      "E_Dmax": 0.10280590292237807
    },
    "S_used_as_final_model_selection_score": false,
    "science_node_count": 0
  },
  "preregistration_sha256": "10d05889a336541c81f2153bb232f254c406ebe45d22da6e5470230b40b1a691"
}
