test_callback_exception_classification_and_budget_release (interior_pilot.test_interior.InteriorTests.test_callback_exception_classification_and_budget_release) ... ok
test_cooperative_wall_guard_after_callback (interior_pilot.test_interior.InteriorTests.test_cooperative_wall_guard_after_callback) ... ok
test_depth_cap_preserves_last_complete_enclosure (interior_pilot.test_interior.InteriorTests.test_depth_cap_preserves_last_complete_enclosure) ... ok
test_domain_failure (interior_pilot.test_interior.InteriorTests.test_domain_failure) ... ok
test_evaluation_cap (interior_pilot.test_interior.InteriorTests.test_evaluation_cap) ... ok
test_exact_interval_and_complex_product (interior_pilot.test_interior.InteriorTests.test_exact_interval_and_complex_product) ... ok
test_hard_process_memory_not_claimed (interior_pilot.test_interior.InteriorTests.test_hard_process_memory_not_claimed) ... ok
test_inner_real_exact_one_third (interior_pilot.test_interior.InteriorTests.test_inner_real_exact_one_third) ... ok
test_midpoint_only_inner_claim_rejected (interior_pilot.test_interior.InteriorTests.test_midpoint_only_inner_claim_rejected) ... ok
test_missing_proof_reference_rejected (interior_pilot.test_interior.InteriorTests.test_missing_proof_reference_rejected) ... ok
test_nested_uniform_outer_one_sixth (interior_pilot.test_interior.InteriorTests.test_nested_uniform_outer_one_sixth) ... ok
test_panel_cap (interior_pilot.test_interior.InteriorTests.test_panel_cap) ... ok
test_rational_precision_cap (interior_pilot.test_interior.InteriorTests.test_rational_precision_cap) ... ok
test_reject_float_and_reversed_interval (interior_pilot.test_interior.InteriorTests.test_reject_float_and_reversed_interval) ... ok
test_shared_nested_evaluation_cap_counts_all_callbacks (interior_pilot.test_interior.InteriorTests.test_shared_nested_evaluation_cap_counts_all_callbacks) ... ok
test_state_memory_estimate_cap (interior_pilot.test_interior.InteriorTests.test_state_memory_estimate_cap) ... ok
test_uniform_complex_parameter_box (interior_pilot.test_interior.InteriorTests.test_uniform_complex_parameter_box) ... ok
test_valid_wide_parameter_image_is_not_failure (interior_pilot.test_interior.InteriorTests.test_valid_wide_parameter_image_is_not_failure) ... ok
test_wrong_callback_return_type (interior_pilot.test_interior.InteriorTests.test_wrong_callback_return_type) ... ok
test_wrong_parameter_or_panel_claim_rejected (interior_pilot.test_interior.InteriorTests.test_wrong_parameter_or_panel_claim_rejected) ... ok
test_zero_length_integral_and_negative_interval (interior_pilot.test_interior.InteriorTests.test_zero_length_integral_and_negative_interval) ... ok

----------------------------------------------------------------------
Ran 21 tests in 0.222s

OK
