test_achieved_radius_and_nonfinite_refusal (interior_pilot.test_native_draft.NativeDraftStructure.test_achieved_radius_and_nonfinite_refusal) ... FAIL
test_build_script_does_not_execute_binary (interior_pilot.test_native_draft.NativeDraftStructure.test_build_script_does_not_execute_binary) ... FAIL
test_full_outer_box_no_midpoint_accessor (interior_pilot.test_native_draft.NativeDraftStructure.test_full_outer_box_no_midpoint_accessor) ... FAIL
test_native_fixture_is_synthetic_and_refusal_focused (interior_pilot.test_native_draft.NativeDraftStructure.test_native_fixture_is_synthetic_and_refusal_focused) ... FAIL
test_real_integrator_call_and_initialized_limits (interior_pilot.test_native_draft.NativeDraftStructure.test_real_integrator_call_and_initialized_limits) ... FAIL
test_shared_counted_budget_and_single_thread (interior_pilot.test_native_draft.NativeDraftStructure.test_shared_counted_budget_and_single_thread) ... FAIL
test_uniform_and_point_policies_remain_separate (interior_pilot.test_native_draft.NativeDraftStructure.test_uniform_and_point_policies_remain_separate) ... FAIL

======================================================================
FAIL: test_achieved_radius_and_nonfinite_refusal (interior_pilot.test_native_draft.NativeDraftStructure.test_achieved_radius_and_nonfinite_refusal)
----------------------------------------------------------------------
Traceback (most recent call last):
  File "/workspace/scratch/6cf5f59cd2d1/gap_work/repo/research/r31ao_unequal_ladder/gap_closure_20261001_g0_g6_v1/interior_pilot/test_native_draft.py", line 27, in test_achieved_radius_and_nonfinite_refusal
    s=self.source('petras_host.cpp')
      ^^^^^^^^^^^^^^^^^^^^^^^^^^^^^^
  File "/workspace/scratch/6cf5f59cd2d1/gap_work/repo/research/r31ao_unequal_ladder/gap_closure_20261001_g0_g6_v1/interior_pilot/test_native_draft.py", line 10, in source
    self.assertTrue((HERE/name).is_file(),'native wrapper implementation is absent')
AssertionError: False is not true : native wrapper implementation is absent

======================================================================
FAIL: test_build_script_does_not_execute_binary (interior_pilot.test_native_draft.NativeDraftStructure.test_build_script_does_not_execute_binary)
----------------------------------------------------------------------
Traceback (most recent call last):
  File "/workspace/scratch/6cf5f59cd2d1/gap_work/repo/research/r31ao_unequal_ladder/gap_closure_20261001_g0_g6_v1/interior_pilot/test_native_draft.py", line 53, in test_build_script_does_not_execute_binary
    s=self.source('build_petras_host.sh')
      ^^^^^^^^^^^^^^^^^^^^^^^^^^^^^^^^^^^
  File "/workspace/scratch/6cf5f59cd2d1/gap_work/repo/research/r31ao_unequal_ladder/gap_closure_20261001_g0_g6_v1/interior_pilot/test_native_draft.py", line 10, in source
    self.assertTrue((HERE/name).is_file(),'native wrapper implementation is absent')
AssertionError: False is not true : native wrapper implementation is absent

======================================================================
FAIL: test_full_outer_box_no_midpoint_accessor (interior_pilot.test_native_draft.NativeDraftStructure.test_full_outer_box_no_midpoint_accessor)
----------------------------------------------------------------------
Traceback (most recent call last):
  File "/workspace/scratch/6cf5f59cd2d1/gap_work/repo/research/r31ao_unequal_ladder/gap_closure_20261001_g0_g6_v1/interior_pilot/test_native_draft.py", line 20, in test_full_outer_box_no_midpoint_accessor
    s=self.source('petras_host.cpp')
      ^^^^^^^^^^^^^^^^^^^^^^^^^^^^^^
  File "/workspace/scratch/6cf5f59cd2d1/gap_work/repo/research/r31ao_unequal_ladder/gap_closure_20261001_g0_g6_v1/interior_pilot/test_native_draft.py", line 10, in source
    self.assertTrue((HERE/name).is_file(),'native wrapper implementation is absent')
AssertionError: False is not true : native wrapper implementation is absent

======================================================================
FAIL: test_native_fixture_is_synthetic_and_refusal_focused (interior_pilot.test_native_draft.NativeDraftStructure.test_native_fixture_is_synthetic_and_refusal_focused)
----------------------------------------------------------------------
Traceback (most recent call last):
  File "/workspace/scratch/6cf5f59cd2d1/gap_work/repo/research/r31ao_unequal_ladder/gap_closure_20261001_g0_g6_v1/interior_pilot/test_native_draft.py", line 45, in test_native_fixture_is_synthetic_and_refusal_focused
    s=self.source('native_petras_synthetic.cpp')
      ^^^^^^^^^^^^^^^^^^^^^^^^^^^^^^^^^^^^^^^^^^
  File "/workspace/scratch/6cf5f59cd2d1/gap_work/repo/research/r31ao_unequal_ladder/gap_closure_20261001_g0_g6_v1/interior_pilot/test_native_draft.py", line 10, in source
    self.assertTrue((HERE/name).is_file(),'native wrapper implementation is absent')
AssertionError: False is not true : native wrapper implementation is absent

======================================================================
FAIL: test_real_integrator_call_and_initialized_limits (interior_pilot.test_native_draft.NativeDraftStructure.test_real_integrator_call_and_initialized_limits)
----------------------------------------------------------------------
Traceback (most recent call last):
  File "/workspace/scratch/6cf5f59cd2d1/gap_work/repo/research/r31ao_unequal_ladder/gap_closure_20261001_g0_g6_v1/interior_pilot/test_native_draft.py", line 14, in test_real_integrator_call_and_initialized_limits
    s=self.source('petras_host.cpp')
      ^^^^^^^^^^^^^^^^^^^^^^^^^^^^^^
  File "/workspace/scratch/6cf5f59cd2d1/gap_work/repo/research/r31ao_unequal_ladder/gap_closure_20261001_g0_g6_v1/interior_pilot/test_native_draft.py", line 10, in source
    self.assertTrue((HERE/name).is_file(),'native wrapper implementation is absent')
AssertionError: False is not true : native wrapper implementation is absent

======================================================================
FAIL: test_shared_counted_budget_and_single_thread (interior_pilot.test_native_draft.NativeDraftStructure.test_shared_counted_budget_and_single_thread)
----------------------------------------------------------------------
Traceback (most recent call last):
  File "/workspace/scratch/6cf5f59cd2d1/gap_work/repo/research/r31ao_unequal_ladder/gap_closure_20261001_g0_g6_v1/interior_pilot/test_native_draft.py", line 33, in test_shared_counted_budget_and_single_thread
    s=self.source('petras_host.cpp')
      ^^^^^^^^^^^^^^^^^^^^^^^^^^^^^^
  File "/workspace/scratch/6cf5f59cd2d1/gap_work/repo/research/r31ao_unequal_ladder/gap_closure_20261001_g0_g6_v1/interior_pilot/test_native_draft.py", line 10, in source
    self.assertTrue((HERE/name).is_file(),'native wrapper implementation is absent')
AssertionError: False is not true : native wrapper implementation is absent

======================================================================
FAIL: test_uniform_and_point_policies_remain_separate (interior_pilot.test_native_draft.NativeDraftStructure.test_uniform_and_point_policies_remain_separate)
----------------------------------------------------------------------
Traceback (most recent call last):
  File "/workspace/scratch/6cf5f59cd2d1/gap_work/repo/research/r31ao_unequal_ladder/gap_closure_20261001_g0_g6_v1/interior_pilot/test_native_draft.py", line 39, in test_uniform_and_point_policies_remain_separate
    s=self.source('petras_host.cpp')
      ^^^^^^^^^^^^^^^^^^^^^^^^^^^^^^
  File "/workspace/scratch/6cf5f59cd2d1/gap_work/repo/research/r31ao_unequal_ladder/gap_closure_20261001_g0_g6_v1/interior_pilot/test_native_draft.py", line 10, in source
    self.assertTrue((HERE/name).is_file(),'native wrapper implementation is absent')
AssertionError: False is not true : native wrapper implementation is absent

----------------------------------------------------------------------
Ran 7 tests in 0.001s

FAILED (failures=7)
