test_asymmetric_fortran_and_c_hash (exact_raw_decoder.test_decoder.DecoderTests.test_asymmetric_fortran_and_c_hash) ... ok
test_asymmetric_three_dimensional_fortran (exact_raw_decoder.test_decoder.DecoderTests.test_asymmetric_three_dimensional_fortran) ... ok
test_authority_required_and_bound (exact_raw_decoder.test_decoder.DecoderTests.test_authority_required_and_bound) ... ok
test_binary128_complex_big_endian_and_largest_finite (exact_raw_decoder.test_decoder.DecoderTests.test_binary128_complex_big_endian_and_largest_finite) ... ok
test_binary128_goldens (exact_raw_decoder.test_decoder.DecoderTests.test_binary128_goldens) ... ok
test_binary64_endian_math_identity (exact_raw_decoder.test_decoder.DecoderTests.test_binary64_endian_math_identity) ... ok
test_binary64_goldens_all_versions (exact_raw_decoder.test_decoder.DecoderTests.test_binary64_goldens_all_versions) ... ok
test_binary64_independent_oracle (exact_raw_decoder.test_decoder.DecoderTests.test_binary64_independent_oracle) ... ok
test_canonical_known_payload (exact_raw_decoder.test_decoder.DecoderTests.test_canonical_known_payload) ... ok
test_complex128_big_endian (exact_raw_decoder.test_decoder.DecoderTests.test_complex128_big_endian) ... ok
test_empty_fortran_does_not_materialize_dimension_pools (exact_raw_decoder.test_decoder.DecoderTests.test_empty_fortran_does_not_materialize_dimension_pools) ... ok
test_fortran_complex_padding_provenance_per_element (exact_raw_decoder.test_decoder.DecoderTests.test_fortran_complex_padding_provenance_per_element) ... ok
test_hash_shape_is_significant_and_kind_is_mathematical (exact_raw_decoder.test_decoder.DecoderTests.test_hash_shape_is_significant_and_kind_is_mathematical) ... ok
test_header_inspection_does_not_decode_values (exact_raw_decoder.test_decoder.DecoderTests.test_header_inspection_does_not_decode_values) ... ok
test_reject_binary128_nonfinite (exact_raw_decoder.test_decoder.DecoderTests.test_reject_binary128_nonfinite) ... ok
test_reject_binary64_nonfinite (exact_raw_decoder.test_decoder.DecoderTests.test_reject_binary64_nonfinite) ... ok
test_reject_magic_version_encoding_and_header_length (exact_raw_decoder.test_decoder.DecoderTests.test_reject_magic_version_encoding_and_header_length) ... ok
test_reject_malformed_authority (exact_raw_decoder.test_decoder.DecoderTests.test_reject_malformed_authority) ... ok
test_reject_malformed_headers (exact_raw_decoder.test_decoder.DecoderTests.test_reject_malformed_headers) ... ok
test_reject_payload_truncation_and_trailing (exact_raw_decoder.test_decoder.DecoderTests.test_reject_payload_truncation_and_trailing) ... ok
test_reject_unsupported_dtype_endian (exact_raw_decoder.test_decoder.DecoderTests.test_reject_unsupported_dtype_endian) ... ok
test_reject_v3_invalid_utf8_and_excess_header_budget (exact_raw_decoder.test_decoder.DecoderTests.test_reject_v3_invalid_utf8_and_excess_header_budget) ... ok
test_reject_x87_noncanonical_and_nonfinite (exact_raw_decoder.test_decoder.DecoderTests.test_reject_x87_noncanonical_and_nonfinite) ... ok
test_resource_caps (exact_raw_decoder.test_decoder.DecoderTests.test_resource_caps) ... ok
test_scalar_and_empty (exact_raw_decoder.test_decoder.DecoderTests.test_scalar_and_empty) ... ok
test_signed_zero_math_hash_and_raw_difference (exact_raw_decoder.test_decoder.DecoderTests.test_signed_zero_math_hash_and_raw_difference) ... ok
test_x87_boundary_significands (exact_raw_decoder.test_decoder.DecoderTests.test_x87_boundary_significands) ... ok
test_x87_complex_and_big_endian (exact_raw_decoder.test_decoder.DecoderTests.test_x87_complex_and_big_endian) ... ok
test_x87_goldens_and_padding (exact_raw_decoder.test_decoder.DecoderTests.test_x87_goldens_and_padding) ... ok
test_x87_leading_padding_authority (exact_raw_decoder.test_decoder.DecoderTests.test_x87_leading_padding_authority) ... ok

----------------------------------------------------------------------
Ran 30 tests in 0.012s

OK
