test_binary64_frozen_addition_boundary_differs_from_real_gap (exact_gram.test_engine.EngineTests.test_binary64_frozen_addition_boundary_differs_from_real_gap) ... ok
test_binary64_rounding_against_independent_host (exact_gram.test_engine.EngineTests.test_binary64_rounding_against_independent_host) ... ok
test_binary64_roundtrip_and_subnormal_ties (exact_gram.test_engine.EngineTests.test_binary64_roundtrip_and_subnormal_ties) ... ok
test_binary64_scalar_audit_host_expressions (exact_gram.test_engine.EngineTests.test_binary64_scalar_audit_host_expressions) ... ok
test_binary64_tolerance_identity (exact_gram.test_engine.EngineTests.test_binary64_tolerance_identity) ... ok
test_complex_47_by_2_gram_and_row_orientation (exact_gram.test_engine.EngineTests.test_complex_47_by_2_gram_and_row_orientation) ... ok
test_decoded_c_order_adapter (exact_gram.test_engine.EngineTests.test_decoded_c_order_adapter) ... ok
test_direct_and_legacy_bound (exact_gram.test_engine.EngineTests.test_direct_and_legacy_bound) ... ok
test_fail_closed_resource_and_bad_inputs (exact_gram.test_engine.EngineTests.test_fail_closed_resource_and_bad_inputs) ... ok
test_gap_sign_and_dmax_switch (exact_gram.test_engine.EngineTests.test_gap_sign_and_dmax_switch) ... ok
test_independent_high_precision_power_crosscheck (exact_gram.test_engine.EngineTests.test_independent_high_precision_power_crosscheck) ... ok
test_k_adjoint_and_frozen_prediction_not_recomputed (exact_gram.test_engine.EngineTests.test_k_adjoint_and_frozen_prediction_not_recomputed) ... ok
test_pareto_strict_weak_and_crossing (exact_gram.test_engine.EngineTests.test_pareto_strict_weak_and_crossing) ... ok
test_primary_secondary_strict_machine_boundaries_differ (exact_gram.test_engine.EngineTests.test_primary_secondary_strict_machine_boundaries_differ) ... ok
test_propagate_epsilon_no_double_count (exact_gram.test_engine.EngineTests.test_propagate_epsilon_no_double_count) ... ok
test_random_independent_decimal_eigen_formula (exact_gram.test_engine.EngineTests.test_random_independent_decimal_eigen_formula) ... ok
test_rank_one_repeated_and_zero (exact_gram.test_engine.EngineTests.test_rank_one_repeated_and_zero) ... ok
test_source_bound_complex_disks (exact_gram.test_engine.EngineTests.test_source_bound_complex_disks) ... ok
test_sqrt_adversarial_neighbors (exact_gram.test_engine.EngineTests.test_sqrt_adversarial_neighbors) ... ok
test_sqrt_exact_and_irrational (exact_gram.test_engine.EngineTests.test_sqrt_exact_and_irrational) ... ok
test_binary64_alignment_rejected_before_oversized_shift (exact_gram.test_resource_review.ResourceReviewTests.test_binary64_alignment_rejected_before_oversized_shift) ... ok
test_perfect_square_shortcut_obeys_work_bit_cap (exact_gram.test_resource_review.ResourceReviewTests.test_perfect_square_shortcut_obeys_work_bit_cap) ... ok
test_small_perfect_square_with_sufficient_budget (exact_gram.test_resource_review.ResourceReviewTests.test_small_perfect_square_with_sufficient_budget) ... ok

----------------------------------------------------------------------
Ran 23 tests in 2.263s

OK
