test_caps_and_domain_fail_closed (endpoint_bound.test_endpoint.EndpointTests.test_caps_and_domain_fail_closed) ... ok
test_disjoint_accounting (endpoint_bound.test_endpoint.EndpointTests.test_disjoint_accounting) ... ok
test_endpoint_monotonic_and_positive (endpoint_bound.test_endpoint.EndpointTests.test_endpoint_monotonic_and_positive) ... ok
test_exp_zero_and_range (endpoint_bound.test_endpoint.EndpointTests.test_exp_zero_and_range) ... ok
test_field_majorant_delta_pz (endpoint_bound.test_endpoint.EndpointTests.test_field_majorant_delta_pz) ... ok
test_gaussian_moments (endpoint_bound.test_endpoint.EndpointTests.test_gaussian_moments) ... ok
test_hermite_i0_identity (endpoint_bound.test_endpoint.EndpointTests.test_hermite_i0_identity) ... ok
test_independent_high_precision_oracle (endpoint_bound.test_endpoint.EndpointTests.test_independent_high_precision_oracle) ... ok
test_interval_outward_arithmetic (endpoint_bound.test_endpoint.EndpointTests.test_interval_outward_arithmetic) ... ok
test_pi_independent_rational_brackets (endpoint_bound.test_endpoint.EndpointTests.test_pi_independent_rational_brackets) ... ok
test_positive_half_gamma_recurrence (endpoint_bound.test_endpoint.EndpointTests.test_positive_half_gamma_recurrence) ... ok
test_sqrt_proof_inequalities (endpoint_bound.test_endpoint.EndpointTests.test_sqrt_proof_inequalities) ... ok
test_boolean_degrees_rejected (endpoint_bound.test_input_contract.ExactInputContract.test_boolean_degrees_rejected) ... ok
test_boolean_panel_count_rejected (endpoint_bound.test_input_contract.ExactInputContract.test_boolean_panel_count_rejected) ... ok
test_caps_checked_before_trivial_return (endpoint_bound.test_input_contract.ExactInputContract.test_caps_checked_before_trivial_return) ... ok
test_interval_integer_growth_cap (endpoint_bound.test_input_contract.ExactInputContract.test_interval_integer_growth_cap) ... ok
test_interval_rejects_host_float_bool_and_string (endpoint_bound.test_input_contract.ExactInputContract.test_interval_rejects_host_float_bool_and_string) ... ok

----------------------------------------------------------------------
Ran 17 tests in 0.468s

OK
