{
  "replay": {
    "schema": "WU088_R31AF_SIX_NODE_MODEL_REPLAY_V1",
    "engine_sha256": "ab220248066580fc77af70c412251dbe3ed643a6fadc266cf5c25a7a3a6651a0",
    "cells_z_a0": [
      [
        0,
        0.5
      ],
      [
        0.5,
        1
      ],
      [
        1,
        2
      ],
      [
        2,
        3
      ],
      [
        3,
        4
      ]
    ],
    "node_reproduction_max_2norm": {
      "O": 0.0,
      "dotO": 4.546892278829026e-17,
      "K": 0.0,
      "D_col": 8.947768860794336e-17,
      "D_row": 8.434781588788996e-17
    },
    "internal_node_continuity_max_2norm": {
      "O": 0.0,
      "dotO": 8.195467818242025e-17,
      "K": 0.0,
      "D_col": 7.926302332445572e-17,
      "D_row": 8.038739945747499e-17
    },
    "dense_grid_points": 321,
    "dense_grid_metric_identity_max_2norm": 1.7368534726104283e-16,
    "source_array_mutation": false,
    "science_node_count": 0,
    "predictive_validation_performed": false
  },
  "indicator": {
    "schema": "WU088_R31AF_Z05_APOSTERIORI_INDICATOR_V1",
    "E_O": 0.0875296210906087,
    "E_K_per_ta": 0.15030919260543524,
    "cell_width_ta": 2.2358772390338113,
    "cell_width_a0": 1.0,
    "necessary_lower_bounds": {
      "O_fourth_lower_per_t4": 1.3449138103246667,
      "K_second_lower_per_t3": 0.24053574221790144,
      "O_fourth_lower_per_z4": 33.611374498793744,
      "K_second_lower_per_t_z2": 1.202473540843482
    },
    "certified_source_error_enclosure": false,
    "interval_arithmetic": false,
    "direct_point_role": "PRIOR_INDEPENDENT_VALIDATION_CONSUMED_AS_R31AF_TRAINING"
  },
  "prediction": {
    "schema": "WU088_R31AF_Z35_PREDICTION_ONLY_SELECTION_V1",
    "z35_direct_output_accessed": false,
    "z35_absent_recovered_CP4_and_local_runtime": true,
    "unchanged_right_cell_prediction_max_2norm": {
      "O": 0.0,
      "dotO": 0.0,
      "Dcol": 0.0,
      "Drow": 0.0,
      "K": 0.0
    },
    "remaining_fresh_candidate_rows": [
      {
        "z_a0": 2.5,
        "fresh_candidate": true,
        "DeltaK_model": 0.1912237840334797,
        "DeltaDcol_model": 0.18557809437208567,
        "DeltaDrow_model": 0.20561180584475613,
        "DeltaDmax_model": 0.20561180584475613,
        "S_design_only": 0.280789512416017
      },
      {
        "z_a0": 3.5,
        "fresh_candidate": true,
        "DeltaK_model": 0.19122378403347964,
        "DeltaDcol_model": 0.2095387347094023,
        "DeltaDrow_model": 0.1838794898576967,
        "DeltaDmax_model": 0.2095387347094023,
        "S_design_only": 0.2836776637729875
      }
    ],
    "selected_z_a0": 3.5,
    "selected_time_ta": 7.825570336618339,
    "DeltaK_model": 0.19122378403347964,
    "DeltaDcol_model": 0.2095387347094023,
    "DeltaDrow_model": 0.1838794898576967,
    "DeltaDmax_model": 0.2095387347094023,
    "S_design_only": 0.2836776637729875,
    "truth_independent_half_gaps": {
      "E_K": 0.09561189201673982,
      "E_Dmax": 0.10476936735470115
    },
    "S_used_as_final_model_selection_score": false,
    "science_node_count": 0
  },
  "preregistration_sha256": "ec4613f5300ec38a488eae75f5c7267a2f1a166c34e45d54bb9fa8b449537447"
}
