test_native_changed_binary_library_or_receipt_identity_refused (test_make_fixture.NativeManifestTests.test_native_changed_binary_library_or_receipt_identity_refused) ... 
  test_native_changed_binary_library_or_receipt_identity_refused (test_make_fixture.NativeManifestTests.test_native_changed_binary_library_or_receipt_identity_refused) (field='binary') ... ERROR
  test_native_changed_binary_library_or_receipt_identity_refused (test_make_fixture.NativeManifestTests.test_native_changed_binary_library_or_receipt_identity_refused) (field='library') ... ERROR
  test_native_changed_binary_library_or_receipt_identity_refused (test_make_fixture.NativeManifestTests.test_native_changed_binary_library_or_receipt_identity_refused) (field='source') ... ERROR
  test_native_changed_binary_library_or_receipt_identity_refused (test_make_fixture.NativeManifestTests.test_native_changed_binary_library_or_receipt_identity_refused) (field='chain_binary') ... ERROR
  test_native_changed_binary_library_or_receipt_identity_refused (test_make_fixture.NativeManifestTests.test_native_changed_binary_library_or_receipt_identity_refused) (field='backend_argument') ... ERROR
test_native_receipt_binds_loader_env_and_all_byte_identities (test_make_fixture.NativeManifestTests.test_native_receipt_binds_loader_env_and_all_byte_identities) ... ERROR
test_native_requires_receipt_explicit_loader_dir_and_three_library_pins (test_make_fixture.NativeManifestTests.test_native_requires_receipt_explicit_loader_dir_and_three_library_pins) ... 
  test_native_requires_receipt_explicit_loader_dir_and_three_library_pins (test_make_fixture.NativeManifestTests.test_native_requires_receipt_explicit_loader_dir_and_three_library_pins) (kind='no_receipt') ... ERROR
  test_native_requires_receipt_explicit_loader_dir_and_three_library_pins (test_make_fixture.NativeManifestTests.test_native_requires_receipt_explicit_loader_dir_and_three_library_pins) (kind='no_directory') ... ERROR
  test_native_requires_receipt_explicit_loader_dir_and_three_library_pins (test_make_fixture.NativeManifestTests.test_native_requires_receipt_explicit_loader_dir_and_three_library_pins) (kind='missing_library') ... ERROR
  test_native_requires_receipt_explicit_loader_dir_and_three_library_pins (test_make_fixture.NativeManifestTests.test_native_requires_receipt_explicit_loader_dir_and_three_library_pins) (kind='wrong_directory') ... ERROR
test_native_scope_and_case_limits_refused (test_make_fixture.NativeManifestTests.test_native_scope_and_case_limits_refused) ... ERROR

======================================================================
ERROR: test_native_changed_binary_library_or_receipt_identity_refused (test_make_fixture.NativeManifestTests.test_native_changed_binary_library_or_receipt_identity_refused) (field='binary')
----------------------------------------------------------------------
Traceback (most recent call last):
  File "/workspace/scratch/6cf5f59cd2d1/gap_work/repo/research/r31ao_unequal_ladder/ncp64_acceleration_20261001_v1/executor/test_make_fixture.py", line 85, in test_native_changed_binary_library_or_receipt_identity_refused
    create_native_fixture(Path(d) / "tasks.json", Path(d) / "run", backend,
TypeError: create_native_fixture() got an unexpected keyword argument 'build_ready'

======================================================================
ERROR: test_native_changed_binary_library_or_receipt_identity_refused (test_make_fixture.NativeManifestTests.test_native_changed_binary_library_or_receipt_identity_refused) (field='library')
----------------------------------------------------------------------
Traceback (most recent call last):
  File "/workspace/scratch/6cf5f59cd2d1/gap_work/repo/research/r31ao_unequal_ladder/ncp64_acceleration_20261001_v1/executor/test_make_fixture.py", line 85, in test_native_changed_binary_library_or_receipt_identity_refused
    create_native_fixture(Path(d) / "tasks.json", Path(d) / "run", backend,
TypeError: create_native_fixture() got an unexpected keyword argument 'build_ready'

======================================================================
ERROR: test_native_changed_binary_library_or_receipt_identity_refused (test_make_fixture.NativeManifestTests.test_native_changed_binary_library_or_receipt_identity_refused) (field='source')
----------------------------------------------------------------------
Traceback (most recent call last):
  File "/workspace/scratch/6cf5f59cd2d1/gap_work/repo/research/r31ao_unequal_ladder/ncp64_acceleration_20261001_v1/executor/test_make_fixture.py", line 85, in test_native_changed_binary_library_or_receipt_identity_refused
    create_native_fixture(Path(d) / "tasks.json", Path(d) / "run", backend,
TypeError: create_native_fixture() got an unexpected keyword argument 'build_ready'

======================================================================
ERROR: test_native_changed_binary_library_or_receipt_identity_refused (test_make_fixture.NativeManifestTests.test_native_changed_binary_library_or_receipt_identity_refused) (field='chain_binary')
----------------------------------------------------------------------
Traceback (most recent call last):
  File "/workspace/scratch/6cf5f59cd2d1/gap_work/repo/research/r31ao_unequal_ladder/ncp64_acceleration_20261001_v1/executor/test_make_fixture.py", line 85, in test_native_changed_binary_library_or_receipt_identity_refused
    create_native_fixture(Path(d) / "tasks.json", Path(d) / "run", backend,
TypeError: create_native_fixture() got an unexpected keyword argument 'build_ready'

======================================================================
ERROR: test_native_changed_binary_library_or_receipt_identity_refused (test_make_fixture.NativeManifestTests.test_native_changed_binary_library_or_receipt_identity_refused) (field='backend_argument')
----------------------------------------------------------------------
Traceback (most recent call last):
  File "/workspace/scratch/6cf5f59cd2d1/gap_work/repo/research/r31ao_unequal_ladder/ncp64_acceleration_20261001_v1/executor/test_make_fixture.py", line 85, in test_native_changed_binary_library_or_receipt_identity_refused
    create_native_fixture(Path(d) / "tasks.json", Path(d) / "run", backend,
TypeError: create_native_fixture() got an unexpected keyword argument 'build_ready'

======================================================================
ERROR: test_native_receipt_binds_loader_env_and_all_byte_identities (test_make_fixture.NativeManifestTests.test_native_receipt_binds_loader_env_and_all_byte_identities)
----------------------------------------------------------------------
Traceback (most recent call last):
  File "/workspace/scratch/6cf5f59cd2d1/gap_work/repo/research/r31ao_unequal_ladder/ncp64_acceleration_20261001_v1/executor/test_make_fixture.py", line 47, in test_native_receipt_binds_loader_env_and_all_byte_identities
    create_native_fixture(path, Path(d) / "run", None, ["point107"],
TypeError: create_native_fixture() got an unexpected keyword argument 'build_ready'

======================================================================
ERROR: test_native_requires_receipt_explicit_loader_dir_and_three_library_pins (test_make_fixture.NativeManifestTests.test_native_requires_receipt_explicit_loader_dir_and_three_library_pins) (kind='no_receipt')
----------------------------------------------------------------------
Traceback (most recent call last):
  File "/workspace/scratch/6cf5f59cd2d1/gap_work/repo/research/r31ao_unequal_ladder/ncp64_acceleration_20261001_v1/executor/test_make_fixture.py", line 66, in test_native_requires_receipt_explicit_loader_dir_and_three_library_pins
    create_native_fixture(Path(d) / (kind + ".json"), Path(d) / (kind + "_run"),
TypeError: create_native_fixture() got an unexpected keyword argument 'build_ready'

======================================================================
ERROR: test_native_requires_receipt_explicit_loader_dir_and_three_library_pins (test_make_fixture.NativeManifestTests.test_native_requires_receipt_explicit_loader_dir_and_three_library_pins) (kind='no_directory')
----------------------------------------------------------------------
Traceback (most recent call last):
  File "/workspace/scratch/6cf5f59cd2d1/gap_work/repo/research/r31ao_unequal_ladder/ncp64_acceleration_20261001_v1/executor/test_make_fixture.py", line 66, in test_native_requires_receipt_explicit_loader_dir_and_three_library_pins
    create_native_fixture(Path(d) / (kind + ".json"), Path(d) / (kind + "_run"),
TypeError: create_native_fixture() got an unexpected keyword argument 'build_ready'

======================================================================
ERROR: test_native_requires_receipt_explicit_loader_dir_and_three_library_pins (test_make_fixture.NativeManifestTests.test_native_requires_receipt_explicit_loader_dir_and_three_library_pins) (kind='missing_library')
----------------------------------------------------------------------
Traceback (most recent call last):
  File "/workspace/scratch/6cf5f59cd2d1/gap_work/repo/research/r31ao_unequal_ladder/ncp64_acceleration_20261001_v1/executor/test_make_fixture.py", line 66, in test_native_requires_receipt_explicit_loader_dir_and_three_library_pins
    create_native_fixture(Path(d) / (kind + ".json"), Path(d) / (kind + "_run"),
TypeError: create_native_fixture() got an unexpected keyword argument 'build_ready'

======================================================================
ERROR: test_native_requires_receipt_explicit_loader_dir_and_three_library_pins (test_make_fixture.NativeManifestTests.test_native_requires_receipt_explicit_loader_dir_and_three_library_pins) (kind='wrong_directory')
----------------------------------------------------------------------
Traceback (most recent call last):
  File "/workspace/scratch/6cf5f59cd2d1/gap_work/repo/research/r31ao_unequal_ladder/ncp64_acceleration_20261001_v1/executor/test_make_fixture.py", line 66, in test_native_requires_receipt_explicit_loader_dir_and_three_library_pins
    create_native_fixture(Path(d) / (kind + ".json"), Path(d) / (kind + "_run"),
TypeError: create_native_fixture() got an unexpected keyword argument 'build_ready'

======================================================================
ERROR: test_native_scope_and_case_limits_refused (test_make_fixture.NativeManifestTests.test_native_scope_and_case_limits_refused)
----------------------------------------------------------------------
Traceback (most recent call last):
  File "/workspace/scratch/6cf5f59cd2d1/gap_work/repo/research/r31ao_unequal_ladder/ncp64_acceleration_20261001_v1/executor/test_make_fixture.py", line 94, in test_native_scope_and_case_limits_refused
    create_native_fixture(Path(d) / f"m{index}.json", Path(d) / f"r{index}", None,
TypeError: create_native_fixture() got an unexpected keyword argument 'build_ready'

----------------------------------------------------------------------
Ran 4 tests in 0.009s

FAILED (errors=11)

EXIT_CODE=1
