{
  "schema": "wu088.f1m.source_intake.v1",
  "status": "SOURCE_CLOSURE_INCOMPLETE",
  "F1M": {
    "bytes": 84346,
    "sha256": "186e1169a7265a8b83108dab654f9e40d1817c790d6a3c234ec2c27514fa91e0",
    "payloads_verified": 54,
    "crc_verified": true
  },
  "F1P": null,
  "sources_verified": 16,
  "sources_required": 17,
  "verified_sources": [
    {
      "path": "sources/F1P/HANDOFF_KO.md",
      "bytes": 2929,
      "sha256": "aff90645bb82ef508cbe56fc9cbc5348fe4d8474fa132b1062149eb22fb84b2f",
      "origin": "F1M"
    },
    {
      "path": "sources/F1P/REPORT_KO.md",
      "bytes": 4367,
      "sha256": "21f12d105cba6e31211bb209cd3ada2c102df1a6d9d59e134d37a7dd91ed91e0",
      "origin": "F1M"
    },
    {
      "path": "sources/F1P/RESULT.json",
      "bytes": 2757,
      "sha256": "71a6426ee5bbbee354a283ace2a08420cf39a24bdd7f2281c0963139d92bedbb",
      "origin": "F1M"
    },
    {
      "path": "sources/F1P/SOURCE_LOCK.json",
      "bytes": 3856,
      "sha256": "a298f2eba4cc952165e8380eb68e174c9dbe794505e3c1bb22fc120b04dc7428",
      "origin": "F1M"
    },
    {
      "path": "sources/REI_CHAT_FT03_20261004/rei_chat_ft03_20261004/MANIFEST.json",
      "bytes": 7428,
      "sha256": "854f4892f50e812f995f7bb93ec34144abd6e1b3b3f9c2cb1d185f44637ac60b",
      "origin": "F1M"
    },
    {
      "path": "sources/REI_CHAT_FT03_20261004/rei_chat_ft03_20261004/MODEL_POLICY.json",
      "bytes": 1957,
      "sha256": "a875647ddc56a942982c931bf0be64a0b0dc02e107a33230df4d06093b456f22",
      "origin": "F1M"
    },
    {
      "path": "sources/REI_CHAT_FT03_20261004/rei_chat_ft03_20261004/SOURCE_TRACE.json",
      "bytes": 2922,
      "sha256": "493548daf6da754c6c0c98a580879d973bd45f7b73c2936df4e9bf307352d87f",
      "origin": "F1M"
    },
    {
      "path": "sources/REI_FT03/MODEL_POLICY.json",
      "bytes": 1957,
      "sha256": "a875647ddc56a942982c931bf0be64a0b0dc02e107a33230df4d06093b456f22",
      "origin": "F1M"
    },
    {
      "path": "sources/REI_FT03/REPORT_KO.md",
      "bytes": 19765,
      "sha256": "f50989779a85d1793eac8c5e96250b09fd0a5a0cecd8f7e214dd40bf33143d10",
      "origin": "F1M"
    },
    {
      "path": "sources/REI_FT03/SOURCE_TO_MODEL_MAP.json",
      "bytes": 1599,
      "sha256": "2d0a20f12ed035ec6f359472f3376bef76162094492f04a59100b9f8155f4ab8",
      "origin": "F1M"
    },
    {
      "path": "sources/REI_FT03/SOURCE_TRACE.json",
      "bytes": 2922,
      "sha256": "493548daf6da754c6c0c98a580879d973bd45f7b73c2936df4e9bf307352d87f",
      "origin": "F1M"
    },
    {
      "path": "sources/REI_FT03/TASK_RETURN.json",
      "bytes": 2366,
      "sha256": "30d036515d5cf472cf27c43ed9beef42886882f0488cc61a43e24b9c1eac7497",
      "origin": "F1M"
    },
    {
      "path": "sources/WU088_HH_FAST_F1P_DELIVERY_20261004_v1/WU088_HH_FAST_F1P_20261004_v1/SOURCE_LOCK.json",
      "bytes": 3856,
      "sha256": "a298f2eba4cc952165e8380eb68e174c9dbe794505e3c1bb22fc120b04dc7428",
      "origin": "F1M"
    },
    {
      "path": "sources/WU088_HH_FAST_F1P_DELIVERY_20261004_v1/WU088_HH_FAST_F1P_20261004_v1/input/F1R_SOURCE_LOCK.json",
      "bytes": 3424,
      "sha256": "6a677975d613680893f1cd541308ea256f97a9e2422a3ddb9639dcab7fe5b75e",
      "origin": "F1M"
    },
    {
      "path": "sources/WU088_HH_FAST_F1P_DELIVERY_20261004_v1/WU088_HH_FAST_F1P_20261004_v1/src/hh_external.py",
      "bytes": 9613,
      "sha256": "8c02df302adc895be1327cb2e55bae03ebed8ec06ee7496ff4eeda20fdcdc197",
      "origin": "F1M"
    },
    {
      "path": "sources/hh_external.original.py",
      "bytes": 9613,
      "sha256": "8c02df302adc895be1327cb2e55bae03ebed8ec06ee7496ff4eeda20fdcdc197",
      "origin": "F1M"
    }
  ],
  "missing_sources": [
    {
      "path": "sources/WU088_HH_FAST_F1P_DELIVERY_20261004_v1/WU088_HH_FAST_F1P_20261004_v1/DELIVERY_MANIFEST.json",
      "bytes": 9428,
      "sha256": "2ccecac31e88d7b1802b08a084035a309d0ff31eb2b2ce189a8bcdf91e0e625e"
    }
  ],
  "explicit_recoveries": [],
  "source_archives_modified": false,
  "science_executions": 0,
  "physical_admission": false
}
