{
  "schema": "WU088_R31K_B_ANCHOR_H_REPLAY_V1",
  "anchors": [
    {
      "status": "PASS_H_ORDER_COMPARISON",
      "entries": 94,
      "threshold_Eh": 2e-07,
      "max_abs_H192_minus_H160_Eh": 1.6071490552228493e-09,
      "worst_index": [
        1,
        0
      ],
      "failure_count": 0,
      "rigorous_continuum_error_bound": false,
      "full49_admitted": false,
      "trajectory_admitted": false,
      "z": 0,
      "sources": [
        {
          "path": "data/anchors/z0/B160",
          "assembled_sha256": "6ed00b3743b3cbefafa68fb066b6ae717d91b112980b2e46ed6e5ff32995edc2",
          "identity_sha256": "cc0d3804c069b8c224c9088dddbd408f01ac86c50decc804e21822290c6ea4b1"
        },
        {
          "path": "data/anchors/z0/B192",
          "assembled_sha256": "d0d2a61fbb7e9e219a0d08ac6637833dfae55b5be0f354a347825867bcff3ff8",
          "identity_sha256": "5e8c2f7a0ba0f5e8e2d21172dfd678ca1b157a8529c54a37449099958a7cf6b3"
        }
      ]
    },
    {
      "status": "PASS_H_ORDER_COMPARISON",
      "entries": 94,
      "threshold_Eh": 2e-07,
      "max_abs_H192_minus_H160_Eh": 3.001652817274341e-10,
      "worst_index": [
        20,
        1
      ],
      "failure_count": 0,
      "rigorous_continuum_error_bound": false,
      "full49_admitted": false,
      "trajectory_admitted": false,
      "z": 16,
      "sources": [
        {
          "path": "data/anchors/z16/B160",
          "assembled_sha256": "895b01bdded0f42f2fbc57c17d77c6b12f922ae6911d9ec2609601fb57f75c80",
          "identity_sha256": "3be9aaabd41bd18448a86cfff24f9262f0fa00c7d3848d7bf66e771ea29722ed"
        },
        {
          "path": "data/anchors/z16/B192",
          "assembled_sha256": "ebc785a79130ede1f75f158000c9c3ae71fdc60337697fefcd84ad24717cd7d0",
          "identity_sha256": "9d206c704753f0750df4ac77dae98b07979624126c4a3c27a545a68acd44f225"
        }
      ]
    },
    {
      "status": "PASS_H_ORDER_COMPARISON",
      "entries": 94,
      "threshold_Eh": 2e-07,
      "max_abs_H192_minus_H160_Eh": 1.3889753324213497e-10,
      "worst_index": [
        19,
        1
      ],
      "failure_count": 0,
      "rigorous_continuum_error_bound": false,
      "full49_admitted": false,
      "trajectory_admitted": false,
      "z": 32,
      "sources": [
        {
          "path": "data/anchors/z32/B160",
          "assembled_sha256": "b213db6bdb5e503540196e41814bf8689be71e88d6f4e841ccffd906a8bd1e8d",
          "identity_sha256": "4d098aef66c5b44ea0d206bcd9be8509e6988ab5749f15837e0c77bf8a5c8f89"
        },
        {
          "path": "data/anchors/z32/B192",
          "assembled_sha256": "31d7667a504cf6c2b4939644f3733dc0c04c18c7e0482f9aa7909b0175a73327",
          "identity_sha256": "8767d0f18b61d6c0d9cfd6b4821883624d7e897dc13855adb3c0c7db25525a48"
        }
      ]
    },
    {
      "status": "PASS_H_ORDER_COMPARISON",
      "entries": 94,
      "threshold_Eh": 2e-07,
      "max_abs_H192_minus_H160_Eh": 4.1613632450898254e-11,
      "worst_index": [
        19,
        1
      ],
      "failure_count": 0,
      "rigorous_continuum_error_bound": false,
      "full49_admitted": false,
      "trajectory_admitted": false,
      "z": 48,
      "sources": [
        {
          "path": "data/anchors/z48/B160",
          "assembled_sha256": "dea5dcf00c6be26419f72263cd6b85eca602ff0f3d3e052fae01ff8f8027f46b",
          "identity_sha256": "3233d112f3b72a4751e3887f232e50c0c409626bf753d87d497433df6a716c54"
        },
        {
          "path": "data/anchors/z48/B192",
          "assembled_sha256": "85aff080f314835ad12b0d546f174f58775222866eb1f90a43a312cf53ea6fea",
          "identity_sha256": "8b9eec40950d474f9fc429c370a8d517a53bb8fb78a9bbe6f88ec3f1c47974f3"
        }
      ]
    },
    {
      "status": "PASS_H_ORDER_COMPARISON",
      "entries": 94,
      "threshold_Eh": 2e-07,
      "max_abs_H192_minus_H160_Eh": 6.680493894159928e-12,
      "worst_index": [
        19,
        1
      ],
      "failure_count": 0,
      "rigorous_continuum_error_bound": false,
      "full49_admitted": false,
      "trajectory_admitted": false,
      "z": 64,
      "sources": [
        {
          "path": "data/anchors/z64/B160",
          "assembled_sha256": "56c2f06751400911c3eccccea3e6d38636606dc2bc30f6506d6ec64aa7365d83",
          "identity_sha256": "4b8fc8144648eb71d90c67f35a8f24cb1ec3fc2f38934ff11a7b8cb9515e1ca7"
        },
        {
          "path": "data/anchors/z64/B192",
          "assembled_sha256": "8b3f1b57775e49c168bd00bf9c2961b4f490eaf93a4666051438ac2b3d3b8ea9",
          "identity_sha256": "a6ad030908154298e0c1c804065db5e111bd7f83ba07b0cff479f6d67ddd5152"
        }
      ]
    }
  ],
  "new_heavy_scientific_runs": 0,
  "next": "RECOVER_OR_COMPUTE_SAME_Z_INDEPENDENT_DOTO_AND_IONIC_PROVIDER",
  "full49_admitted": false,
  "production_admitted": false
}
