{
  "affine": {
    "midpoint_O_chord_error_2norm": 1.1608909908205545,
    "secant_minus_dotO_z0_2norm": 0.5495713714162325,
    "secant_minus_dotO_z2_2norm": 0.2910484768338663,
    "secant_minus_dotO_z4_2norm": 0.33156843070467085,
    "affine_O_compatible_with_source_nodes": false,
    "common_frozen_frame_authority": "RECOVERED_SOURCE_AND_ARRAY_BOUND",
    "authority_parent_commit": "d573e7b40446b07b1a5544644cf3f977b89264a6",
    "interpretation": "Source-bound represented-array incompatibility; not a physical source-error enclosure."
  },
  "curvature": {
    "endpoint0_per_ta2": 0.1228983778317182,
    "endpoint1_per_ta2": 0.07414727984975404,
    "midpoint_per_ta2": 0.11610890661062927,
    "endpoint_derivative_difference_per_ta2": 0.0603412686243054,
    "combined_per_ta2": 0.1228983778317182,
    "combined_per_a02": 0.6143870602870756,
    "certified_interval_arithmetic": false,
    "scope": "NECESSARY_C2_CURVATURE_OF_SOURCE_BOUND_REPRESENTED_MIXED_O"
  },
  "quintic": {
    "degree_upper_bound": 5,
    "highest_coefficient_2norm": 21.705694754556205,
    "quartic_coefficient_2norm": 58.4152315757618,
    "max_O_node_error_2norm": 0.0,
    "max_dotO_node_error_2norm": 3.9551030605613296e-17,
    "max_D_col_node_error_2norm": 8.947768860794336e-17,
    "max_D_row_node_error_2norm": 4.933777481199299e-17,
    "max_metric_compatibility_residual_grid_2norm": 1.6201216774652786e-16,
    "node_count": 3,
    "grid_probe_count": 65,
    "validated_between_nodes": false,
    "candidate_scope": "SOURCE_NODE_EXACT_STRUCTURE_PRESERVING_MIXED_BLOCK_INTERPOLANT_ONLY"
  }
}
