{
  "schema": "WU088_R31Z_WITHHELD_Z3_COMPARISON_V1",
  "fit_nodes_z": [
    0,
    2,
    4
  ],
  "withheld_z": 3,
  "withheld_time_ta": 6.707631717101434,
  "fit_input_sha256": "565a9ee6d831f5f9e3e69010270f5319aa3328432950efcfda81cfabf325c079",
  "archive_sha256": "c10c932a6cdad817982e00920a893733b367827b116d058791bf5aacad517cd9",
  "od_member": "completion/mixed_h/od/B192_z3/ASSEMBLED_OD.npz",
  "od_member_sha256": "47f41c15aba4fc3eb4e9a6b6f08202067cf525503a87431035ee692990b553af",
  "jvp_member": "completion/mixed_derivative/B192_z3/ASSEMBLED.npz",
  "jvp_member_sha256": "9223dfea7956a58a70595ab25dda457be64b966ce247830e5c12a73d87515661",
  "comparison_dtype": "complex128, matching R31Z replay",
  "source_O_OD_minus_JVP_2norm": 1.789138914138011e-18,
  "source_metric_identity_2norm": 6.271473368366473e-17,
  "candidate_O_error_2norm": 0.13213912310643441,
  "candidate_dotO_error_2norm_per_ta": 0.07262393465956431,
  "candidate_D_col_error_2norm_per_ta": 0.3073893478614785,
  "candidate_D_row_error_2norm_per_ta": 0.3192667733603847,
  "candidate_metric_identity_2norm": 9.463283080315403e-17,
  "withheld_node_used_in_fit": false,
  "comparison_only": true,
  "interval_predictive_validation_admitted": false,
  "new_scientific_nodes": 0
}
