{
  "schema": "HH_PHYS04_INDEPENDENT_FINAL_HANDOFF_AUDIT_V1",
  "reviewer": "/root/phys04_decision",
  "time_utc": "2026-10-10T13:38:06.999878+00:00",
  "status": "PASS",
  "fixed_input_sha256": {
    "REVIEW_INPUT_MANIFEST.json": "4d6811b53e4875bbdee26458ec5d2427117439059b4d394e7b6d7350b35f00a3",
    "NCP_LOCAL_CODEX_HANDOFF_KO.md": "4d756b9a01fd97f769a79bddf413073890c3aa7e5806f4f44f1a302b72eba9c5",
    "NCP_TASKS.json": "f688ce2b0988d4e2436d12b8b0ba796ec7f1418415194609e750fdce9a2c56e0",
    "NCP_RETURN_TEMPLATE.json": "297190718a31bd03c8c071a195bd8cc89d9868e795a47c98c326a4a3b9991cce"
  },
  "fixed_payloads_checked": 100,
  "source_entrypoint_paths_in_recorded_owner_tree": 16,
  "acyclic_topologically_ordered_tasks": 11,
  "new_test_catalog_return_alignment": 8,
  "native_budget_zero_and_observed_counts_nullable": true,
  "actual_metric_objects_null": 11,
  "existing_selective_python_methods_checked": 2,
  "existing_synthetic_receipt_module_checked": true,
  "new_target_names_not_claimed_existing": true,
  "candidate_overlay_distinct_from_preserved_original": true,
  "code_build_test_execution_performed": false,
  "native_dispatches": 0,
  "scientific_suite_replays": 0,
  "scope": "Identity/graph/source-path/contract structure plus reviewer reading of all three final NCP files; not execution of NCP tasks."
}
