{
  "stored_prediction_K_independence": "PASS",
  "certification_flags_false_or_null": "PASS",
  "model_only_resource_case": {
    "exception": "ResourceLimit",
    "message": "synthetic input exceeds matrix entry budget",
    "resource_classification": true
  },
  "gaussian_majorant_closed_form_checks": [
    {
      "angular": "s",
      "field": "O",
      "upper_minus_diagnostic": "3.616269447493157846526887711588937473597448564031833E-47"
    },
    {
      "angular": "s",
      "field": "G1",
      "upper_minus_diagnostic": "1.071348911519034324779223123065195197709186553527036E-46"
    },
    {
      "angular": "px",
      "field": "G1",
      "upper_minus_diagnostic": "1.0848808342479473539580663134766812420792345692095498E-46"
    },
    {
      "angular": "pz",
      "field": "G1",
      "upper_minus_diagnostic": "1.446507778997263138610755084635574989438979425612733E-46"
    },
    {
      "angular": "s",
      "field": "G2",
      "upper_minus_diagnostic": "1.607023367278551487168834684597792796563779830290555E-46"
    },
    {
      "angular": "px",
      "field": "G2",
      "upper_minus_diagnostic": "4.32018509183037942029117849624946634160505775607867E-47"
    }
  ],
  "upper_tail_i0_closed_form_checks": 3,
  "diagnostic_decimal_precision": 100,
  "diagnostics_are_certificates": false,
  "actual_HH_inputs_evaluated": false
}
